../Src/EXTI_program.c:47:11:MEXTI_u8Config	24	static
../Src/EXTI_program.c:96:11:MEXTI_u8SetSignalLatch	24	static
../Src/EXTI_program.c:134:11:MEXTI_u8InterruptState	24	static
../Src/EXTI_program.c:160:11:MEXTI_u8SoftwareTrigger	24	static
../Src/EXTI_program.c:185:11:MEXTI_u8ClearPendingFlag	24	static
../Src/EXTI_program.c:211:11:MEXTI_u8GetPendingFlag	24	static
../Src/EXTI_program.c:237:11:MEXTI_u8SetCallBack	24	static
../Src/EXTI_program.c:253:6:EXTI0_IRQHandler	8	static
../Src/EXTI_program.c:262:6:EXTI1_IRQHandler	8	static
../Src/EXTI_program.c:271:6:EXTI2_IRQHandler	8	static
../Src/EXTI_program.c:279:6:EXTI3_IRQHandler	8	static
../Src/EXTI_program.c:287:6:EXTI4_IRQHandler	8	static
../Src/EXTI_program.c:295:6:EXTI9_5_IRQHandler	8	static
../Src/EXTI_program.c:323:6:EXTI15_10_IRQHandler	8	static
