../Src/USART_program.c:46:9:MUSART_u8SetConfiguration	48	static
../Src/USART_program.c:123:9:MUSART_u8UsartStatus	24	static
../Src/USART_program.c:150:9:MUSART_u8RXinterruptStatus	24	static
../Src/USART_program.c:180:10:MUSART_u8ReceiveCharSynch	24	static
../Src/USART_program.c:210:10:MUSART_u8ReceiveCharNonBlocking	24	static
../Src/USART_program.c:253:10:MUSART_u8ReceiveStringSynch	24	static
../Src/USART_program.c:288:10:MUSART_u8ReceiveArraySynch	24	static
../Src/USART_program.c:317:10:MUSART_u8ReceiveArrayNonBlocking	24	static
../Src/USART_program.c:356:10:MUSART_u8TransmitCharSynch	24	static
../Src/USART_program.c:385:11:MUSART_u8TransmitStringSynch	24	static
../Src/USART_program.c:415:11:MUSART_u8TransmitArraySynch	24	static
../Src/USART_program.c:446:13:MUSART_u32GetDRAddress	16	static
../Src/USART_program.c:463:8:MUSART_voidClearFlags	16	static
../Src/USART_program.c:481:10:MUSART_u8ReceiveCharNonSynch	24	static
../Src/USART_program.c:497:6:USART1_IRQHandler	8	static
../Src/USART_program.c:507:6:USART2_IRQHandler	8	static
../Src/USART_program.c:517:6:USART3_IRQHandler	8	static
