Archive member included to satisfy reference by file (symbol)

c:/st/stm32cubeide_1.9.0/stm32cubeide/plugins/com.st.stm32cube.ide.mcu.externaltools.gnu-tools-for-stm32.10.3-2021.10.win32_1.0.0.202111181127/tools/bin/../lib/gcc/arm-none-eabi/10.3.1/../../../../arm-none-eabi/lib/thumb/v7-m/nofp\libc_nano.a(lib_a-errno.o)
                              ./Src/syscalls.o (__errno)
c:/st/stm32cubeide_1.9.0/stm32cubeide/plugins/com.st.stm32cube.ide.mcu.externaltools.gnu-tools-for-stm32.10.3-2021.10.win32_1.0.0.202111181127/tools/bin/../lib/gcc/arm-none-eabi/10.3.1/../../../../arm-none-eabi/lib/thumb/v7-m/nofp\libc_nano.a(lib_a-exit.o)
                              c:/st/stm32cubeide_1.9.0/stm32cubeide/plugins/com.st.stm32cube.ide.mcu.externaltools.gnu-tools-for-stm32.10.3-2021.10.win32_1.0.0.202111181127/tools/bin/../lib/gcc/arm-none-eabi/10.3.1/../../../../arm-none-eabi/lib/thumb/v7-m/nofp/crt0.o (exit)
c:/st/stm32cubeide_1.9.0/stm32cubeide/plugins/com.st.stm32cube.ide.mcu.externaltools.gnu-tools-for-stm32.10.3-2021.10.win32_1.0.0.202111181127/tools/bin/../lib/gcc/arm-none-eabi/10.3.1/../../../../arm-none-eabi/lib/thumb/v7-m/nofp\libc_nano.a(lib_a-impure.o)
                              c:/st/stm32cubeide_1.9.0/stm32cubeide/plugins/com.st.stm32cube.ide.mcu.externaltools.gnu-tools-for-stm32.10.3-2021.10.win32_1.0.0.202111181127/tools/bin/../lib/gcc/arm-none-eabi/10.3.1/../../../../arm-none-eabi/lib/thumb/v7-m/nofp\libc_nano.a(lib_a-exit.o) (_global_impure_ptr)
c:/st/stm32cubeide_1.9.0/stm32cubeide/plugins/com.st.stm32cube.ide.mcu.externaltools.gnu-tools-for-stm32.10.3-2021.10.win32_1.0.0.202111181127/tools/bin/../lib/gcc/arm-none-eabi/10.3.1/../../../../arm-none-eabi/lib/thumb/v7-m/nofp\libc_nano.a(lib_a-init.o)
                              c:/st/stm32cubeide_1.9.0/stm32cubeide/plugins/com.st.stm32cube.ide.mcu.externaltools.gnu-tools-for-stm32.10.3-2021.10.win32_1.0.0.202111181127/tools/bin/../lib/gcc/arm-none-eabi/10.3.1/../../../../arm-none-eabi/lib/thumb/v7-m/nofp/crt0.o (__libc_init_array)
c:/st/stm32cubeide_1.9.0/stm32cubeide/plugins/com.st.stm32cube.ide.mcu.externaltools.gnu-tools-for-stm32.10.3-2021.10.win32_1.0.0.202111181127/tools/bin/../lib/gcc/arm-none-eabi/10.3.1/../../../../arm-none-eabi/lib/thumb/v7-m/nofp\libc_nano.a(lib_a-memset.o)
                              c:/st/stm32cubeide_1.9.0/stm32cubeide/plugins/com.st.stm32cube.ide.mcu.externaltools.gnu-tools-for-stm32.10.3-2021.10.win32_1.0.0.202111181127/tools/bin/../lib/gcc/arm-none-eabi/10.3.1/../../../../arm-none-eabi/lib/thumb/v7-m/nofp/crt0.o (memset)
c:/st/stm32cubeide_1.9.0/stm32cubeide/plugins/com.st.stm32cube.ide.mcu.externaltools.gnu-tools-for-stm32.10.3-2021.10.win32_1.0.0.202111181127/tools/bin/../lib/gcc/arm-none-eabi/10.3.1/thumb/v7-m/nofp\libgcc.a(_arm_muldf3.o)
                              ./Src/INA219_program.o (__aeabi_dmul)
c:/st/stm32cubeide_1.9.0/stm32cubeide/plugins/com.st.stm32cube.ide.mcu.externaltools.gnu-tools-for-stm32.10.3-2021.10.win32_1.0.0.202111181127/tools/bin/../lib/gcc/arm-none-eabi/10.3.1/thumb/v7-m/nofp\libgcc.a(_arm_addsubdf3.o)
                              ./Src/INA219_program.o (__aeabi_i2d)
c:/st/stm32cubeide_1.9.0/stm32cubeide/plugins/com.st.stm32cube.ide.mcu.externaltools.gnu-tools-for-stm32.10.3-2021.10.win32_1.0.0.202111181127/tools/bin/../lib/gcc/arm-none-eabi/10.3.1/thumb/v7-m/nofp\libgcc.a(_arm_muldivdf3.o)
                              ./Src/MPU6050_program.o (__aeabi_ddiv)
c:/st/stm32cubeide_1.9.0/stm32cubeide/plugins/com.st.stm32cube.ide.mcu.externaltools.gnu-tools-for-stm32.10.3-2021.10.win32_1.0.0.202111181127/tools/bin/../lib/gcc/arm-none-eabi/10.3.1/thumb/v7-m/nofp\libgcc.a(_arm_fixunsdfsi.o)
                              ./Src/INA219_program.o (__aeabi_d2uiz)
c:/st/stm32cubeide_1.9.0/stm32cubeide/plugins/com.st.stm32cube.ide.mcu.externaltools.gnu-tools-for-stm32.10.3-2021.10.win32_1.0.0.202111181127/tools/bin/../lib/gcc/arm-none-eabi/10.3.1/thumb/v7-m/nofp\libgcc.a(_arm_truncdfsf2.o)
                              ./Src/MPU6050_program.o (__aeabi_d2f)
c:/st/stm32cubeide_1.9.0/stm32cubeide/plugins/com.st.stm32cube.ide.mcu.externaltools.gnu-tools-for-stm32.10.3-2021.10.win32_1.0.0.202111181127/tools/bin/../lib/gcc/arm-none-eabi/10.3.1/thumb/v7-m/nofp\libgcc.a(_aeabi_uldivmod.o)
                              ./Src/USART_program.o (__aeabi_uldivmod)
c:/st/stm32cubeide_1.9.0/stm32cubeide/plugins/com.st.stm32cube.ide.mcu.externaltools.gnu-tools-for-stm32.10.3-2021.10.win32_1.0.0.202111181127/tools/bin/../lib/gcc/arm-none-eabi/10.3.1/thumb/v7-m/nofp\libgcc.a(_udivmoddi4.o)
                              c:/st/stm32cubeide_1.9.0/stm32cubeide/plugins/com.st.stm32cube.ide.mcu.externaltools.gnu-tools-for-stm32.10.3-2021.10.win32_1.0.0.202111181127/tools/bin/../lib/gcc/arm-none-eabi/10.3.1/thumb/v7-m/nofp\libgcc.a(_aeabi_uldivmod.o) (__udivmoddi4)
[...]
Memory Configuration

Name             Origin             Length             Attributes
RAM              0x0000000020000000 0x0000000000005000 xrw
FLASH            0x0000000008000000 0x0000000000010000 xr
*default*        0x0000000000000000 0xffffffffffffffff

Linker script and memory map

LOAD c:/st/stm32cubeide_1.9.0/stm32cubeide/plugins/com.st.stm32cube.ide.mcu.externaltools.gnu-tools-for-stm32.10.3-2021.10.win32_1.0.0.202111181127/tools/bin/../lib/gcc/arm-none-eabi/10.3.1/thumb/v7-m/nofp/crti.o
LOAD c:/st/stm32cubeide_1.9.0/stm32cubeide/plugins/com.st.stm32cube.ide.mcu.externaltools.gnu-tools-for-stm32.10.3-2021.10.win32_1.0.0.202111181127/tools/bin/../lib/gcc/arm-none-eabi/10.3.1/thumb/v7-m/nofp/crtbegin.o
LOAD c:/st/stm32cubeide_1.9.0/stm32cubeide/plugins/com.st.stm32cube.ide.mcu.externaltools.gnu-tools-for-stm32.10.3-2021.10.win32_1.0.0.202111181127/tools/bin/../lib/gcc/arm-none-eabi/10.3.1/../../../../arm-none-eabi/lib/thumb/v7-m/nofp/crt0.o
LOAD ./Src/7SEG_program.o
LOAD ./Src/ADC_program.o
LOAD ./Src/AFIO_program.o
LOAD ./Src/DAC_program.o
LOAD ./Src/DMA_program.o
LOAD ./Src/EXTI_program.o
LOAD ./Src/GPIO_program.o
LOAD ./Src/GPTIMER_program.o
LOAD ./Src/I2C_program.o
LOAD ./Src/INA219_program.o
LOAD ./Src/IR_program.o
LOAD ./Src/KPD_program.o
LOAD ./Src/LCD_program.o
LOAD ./Src/LEDMRX_program.o
LOAD ./Src/MPU6050_program.o
LOAD ./Src/NVIC_program.o
LOAD ./Src/RCC_program.o
LOAD ./Src/RTC_program.o
LOAD ./Src/SCB_program.o
LOAD ./Src/SPI_program.o
LOAD ./Src/STK_program.o
LOAD ./Src/STP_program.o
LOAD ./Src/TFT_program.o
LOAD ./Src/TIMERS_program.o
LOAD ./Src/ULTRASONIC_program.o
LOAD ./Src/USART_program.o
LOAD ./Src/main.o
LOAD ./Src/syscalls.o
LOAD ./Src/sysmem.o
LOAD ./Startup/startup_stm32f103c8tx.o
START GROUP
LOAD c:/st/stm32cubeide_1.9.0/stm32cubeide/plugins/com.st.stm32cube.ide.mcu.externaltools.gnu-tools-for-stm32.10.3-2021.10.win32_1.0.0.202111181127/tools/bin/../lib/gcc/arm-none-eabi/10.3.1/../../../../arm-none-eabi/lib/thumb/v7-m/nofp\libc_nano.a
LOAD c:/st/stm32cubeide_1.9.0/stm32cubeide/plugins/com.st.stm32cube.ide.mcu.externaltools.gnu-tools-for-stm32.10.3-2021.10.win32_1.0.0.202111181127/tools/bin/../lib/gcc/arm-none-eabi/10.3.1/../../../../arm-none-eabi/lib/thumb/v7-m/nofp\libm.a
END GROUP
START GROUP
LOAD c:/st/stm32cubeide_1.9.0/stm32cubeide/plugins/com.st.stm32cube.ide.mcu.externaltools.gnu-tools-for-stm32.10.3-2021.10.win32_1.0.0.202111181127/tools/bin/../lib/gcc/arm-none-eabi/10.3.1/thumb/v7-m/nofp\libgcc.a
LOAD c:/st/stm32cubeide_1.9.0/stm32cubeide/plugins/com.st.stm32cube.ide.mcu.externaltools.gnu-tools-for-stm32.10.3-2021.10.win32_1.0.0.202111181127/tools/bin/../lib/gcc/arm-none-eabi/10.3.1/../../../../arm-none-eabi/lib/thumb/v7-m/nofp\libc_nano.a
END GROUP
START GROUP
LOAD c:/st/stm32cubeide_1.9.0/stm32cubeide/plugins/com.st.stm32cube.ide.mcu.externaltools.gnu-tools-for-stm32.10.3-2021.10.win32_1.0.0.202111181127/tools/bin/../lib/gcc/arm-none-eabi/10.3.1/thumb/v7-m/nofp\libgcc.a
LOAD c:/st/stm32cubeide_1.9.0/stm32cubeide/plugins/com.st.stm32cube.ide.mcu.externaltools.gnu-tools-for-stm32.10.3-2021.10.win32_1.0.0.202111181127/tools/bin/../lib/gcc/arm-none-eabi/10.3.1/../../../../arm-none-eabi/lib/thumb/v7-m/nofp\libc_nano.a
LOAD c:/st/stm32cubeide_1.9.0/stm32cubeide/plugins/com.st.stm32cube.ide.mcu.externaltools.gnu-tools-for-stm32.10.3-2021.10.win32_1.0.0.202111181127/tools/bin/../lib/gcc/arm-none-eabi/10.3.1/../../../../arm-none-eabi/lib/thumb/v7-m/nofp\libnosys.a
END GROUP
START GROUP
LOAD c:/st/stm32cubeide_1.9.0/stm32cubeide/plugins/com.st.stm32cube.ide.mcu.externaltools.gnu-tools-for-stm32.10.3-2021.10.win32_1.0.0.202111181127/tools/bin/../lib/gcc/arm-none-eabi/10.3.1/thumb/v7-m/nofp\libgcc.a
LOAD c:/st/stm32cubeide_1.9.0/stm32cubeide/plugins/com.st.stm32cube.ide.mcu.externaltools.gnu-tools-for-stm32.10.3-2021.10.win32_1.0.0.202111181127/tools/bin/../lib/gcc/arm-none-eabi/10.3.1/../../../../arm-none-eabi/lib/thumb/v7-m/nofp\libc_nano.a
LOAD c:/st/stm32cubeide_1.9.0/stm32cubeide/plugins/com.st.stm32cube.ide.mcu.externaltools.gnu-tools-for-stm32.10.3-2021.10.win32_1.0.0.202111181127/tools/bin/../lib/gcc/arm-none-eabi/10.3.1/../../../../arm-none-eabi/lib/thumb/v7-m/nofp\libnosys.a
END GROUP
LOAD c:/st/stm32cubeide_1.9.0/stm32cubeide/plugins/com.st.stm32cube.ide.mcu.externaltools.gnu-tools-for-stm32.10.3-2021.10.win32_1.0.0.202111181127/tools/bin/../lib/gcc/arm-none-eabi/10.3.1/thumb/v7-m/nofp/crtend.o
LOAD c:/st/stm32cubeide_1.9.0/stm32cubeide/plugins/com.st.stm32cube.ide.mcu.externaltools.gnu-tools-for-stm32.10.3-2021.10.win32_1.0.0.202111181127/tools/bin/../lib/gcc/arm-none-eabi/10.3.1/thumb/v7-m/nofp/crtn.o
                0x0000000020005000                _estack = (ORIGIN (RAM) + LENGTH (RAM))
                0x0000000000000200                _Min_Heap_Size = 0x200
                0x0000000000000400                _Min_Stack_Size = 0x400

.isr_vector     0x0000000008000000      0x130
                0x0000000008000000                . = ALIGN (0x4)
 *(.isr_vector)
 .isr_vector    0x0000000008000000      0x130 ./Startup/startup_stm32f103c8tx.o
                0x0000000008000000                g_pfnVectors
                0x0000000008000130                . = ALIGN (0x4)

.text           0x0000000008000130     0x1f30
                0x0000000008000130                . = ALIGN (0x4)
 *(.text)
 .text          0x0000000008000130       0x40 c:/st/stm32cubeide_1.9.0/stm32cubeide/plugins/com.st.stm32cube.ide.mcu.externaltools.gnu-tools-for-stm32.10.3-2021.10.win32_1.0.0.202111181127/tools/bin/../lib/gcc/arm-none-eabi/10.3.1/thumb/v7-m/nofp/crtbegin.o
 .text          0x0000000008000170       0x30 c:/st/stm32cubeide_1.9.0/stm32cubeide/plugins/com.st.stm32cube.ide.mcu.externaltools.gnu-tools-for-stm32.10.3-2021.10.win32_1.0.0.202111181127/tools/bin/../lib/gcc/arm-none-eabi/10.3.1/thumb/v7-m/nofp\libgcc.a(_aeabi_uldivmod.o)
                0x0000000008000170                __aeabi_uldivmod
 .text          0x00000000080001a0      0x2d4 c:/st/stm32cubeide_1.9.0/stm32cubeide/plugins/com.st.stm32cube.ide.mcu.externaltools.gnu-tools-for-stm32.10.3-2021.10.win32_1.0.0.202111181127/tools/bin/../lib/gcc/arm-none-eabi/10.3.1/thumb/v7-m/nofp\libgcc.a(_udivmoddi4.o)
                0x00000000080001a0                __udivmoddi4
 .text          0x0000000008000474        0x4 c:/st/stm32cubeide_1.9.0/stm32cubeide/plugins/com.st.stm32cube.ide.mcu.externaltools.gnu-tools-for-stm32.10.3-2021.10.win32_1.0.0.202111181127/tools/bin/../lib/gcc/arm-none-eabi/10.3.1/thumb/v7-m/nofp\libgcc.a(_dvmd_tls.o)
                0x0000000008000474                __aeabi_idiv0
                0x0000000008000474                __aeabi_ldiv0
 *(.text*)
 .text.ADC1_2_IRQHandler
                0x0000000008000478       0x1c ./Src/ADC_program.o
                0x0000000008000478                ADC1_2_IRQHandler
 .text.ADC3_IRQHandler
                0x0000000008000494       0x1c ./Src/ADC_program.o
                0x0000000008000494                ADC3_IRQHandler
 .text.MDMA_u8ClearFlag
                0x00000000080004b0       0x54 ./Src/DMA_program.o
 .text.DMA1_Channel1_IRQHandler
                0x0000000008000504       0x3c ./Src/DMA_program.o
                0x0000000008000504                DMA1_Channel1_IRQHandler
 .text.DMA1_Channel2_IRQHandler
                0x0000000008000540       0x3c ./Src/DMA_program.o
                0x0000000008000540                DMA1_Channel2_IRQHandler
 .text.DMA1_Channel3_IRQHandler
                0x000000000800057c       0x3c ./Src/DMA_program.o
                0x000000000800057c                DMA1_Channel3_IRQHandler
 .text.DMA1_Channel4_IRQHandler
                0x00000000080005b8       0x3c ./Src/DMA_program.o
                0x00000000080005b8                DMA1_Channel4_IRQHandler
 .text.DMA1_Channel5_IRQHandler
                0x00000000080005f4       0x3c ./Src/DMA_program.o
                0x00000000080005f4                DMA1_Channel5_IRQHandler
 .text.DMA1_Channel6_IRQHandler
                0x0000000008000630       0x3c ./Src/DMA_program.o
                0x0000000008000630                DMA1_Channel6_IRQHandler
 .text.DMA1_Channel7_IRQHandler
                0x000000000800066c       0x3c ./Src/DMA_program.o
                0x000000000800066c                DMA1_Channel7_IRQHandler
 .text.EXTI0_IRQHandler
                0x00000000080006a8       0x2c ./Src/EXTI_program.o
                0x00000000080006a8                EXTI0_IRQHandler
 .text.EXTI1_IRQHandler
                0x00000000080006d4       0x2c ./Src/EXTI_program.o
                0x00000000080006d4                EXTI1_IRQHandler
 .text.EXTI2_IRQHandler
                0x0000000008000700       0x2c ./Src/EXTI_program.o
                0x0000000008000700                EXTI2_IRQHandler
 .text.EXTI3_IRQHandler
                0x000000000800072c       0x2c ./Src/EXTI_program.o
                0x000000000800072c                EXTI3_IRQHandler
 .text.EXTI4_IRQHandler
                0x0000000008000758       0x2c ./Src/EXTI_program.o
                0x0000000008000758                EXTI4_IRQHandler
 .text.EXTI9_5_IRQHandler
                0x0000000008000784       0xd8 ./Src/EXTI_program.o
                0x0000000008000784                EXTI9_5_IRQHandler
 .text.EXTI15_10_IRQHandler
                0x000000000800085c      0x100 ./Src/EXTI_program.o
                0x000000000800085c                EXTI15_10_IRQHandler
 .text.MGPIO_u8SetPinDirection
                0x000000000800095c       0x9c ./Src/GPIO_program.o
                0x000000000800095c                MGPIO_u8SetPinDirection
 .text.MGPIO_u8SetPinValue
                0x00000000080009f8       0x7c ./Src/GPIO_program.o
                0x00000000080009f8                MGPIO_u8SetPinValue
 .text.MGPTIMER_u8ClearInterruptFlags
                0x0000000008000a74       0x44 ./Src/GPTIMER_program.o
 .text.TIM2_IRQHandler
                0x0000000008000ab8       0x20 ./Src/GPTIMER_program.o
                0x0000000008000ab8                TIM2_IRQHandler
 .text.TIM3_IRQHandler
                0x0000000008000ad8       0x20 ./Src/GPTIMER_program.o
                0x0000000008000ad8                TIM3_IRQHandler
 .text.TIM4_IRQHandler
                0x0000000008000af8       0x20 ./Src/GPTIMER_program.o
                0x0000000008000af8                TIM4_IRQHandler
 .text.TIM5_IRQHandler
                0x0000000008000b18       0x20 ./Src/GPTIMER_program.o
                0x0000000008000b18                TIM5_IRQHandler
 .text.HLCD_voidInit
                0x0000000008000b38       0x90 ./Src/LCD_program.o
                0x0000000008000b38                HLCD_voidInit
 .text.HLCD_voidClearLCD
                0x0000000008000bc8       0x16 ./Src/LCD_program.o
                0x0000000008000bc8                HLCD_voidClearLCD
 .text.HLCD_voidSendCmnd
                0x0000000008000bde      0x102 ./Src/LCD_program.o
 .text.HLCD_voidSendChar
                0x0000000008000ce0      0x102 ./Src/LCD_program.o
                0x0000000008000ce0                HLCD_voidSendChar
 .text.HLCD_voidSendString
                0x0000000008000de2       0x38 ./Src/LCD_program.o
                0x0000000008000de2                HLCD_voidSendString
 *fill*         0x0000000008000e1a        0x2 
 .text.HLCD_voidSendNumber
                0x0000000008000e1c       0xf4 ./Src/LCD_program.o
                0x0000000008000e1c                HLCD_voidSendNumber
 .text.HLCD_voidSetCursor
                0x0000000008000f10       0x40 ./Src/LCD_program.o
                0x0000000008000f10                HLCD_voidSetCursor
 .text.MRCC_u8SetClockState
                0x0000000008000f50      0x12c ./Src/RCC_program.o
                0x0000000008000f50                MRCC_u8SetClockState
 .text.MRCC_u8SetSystemClock
                0x000000000800107c       0x44 ./Src/RCC_program.o
                0x000000000800107c                MRCC_u8SetSystemClock
 .text.MRCC_u8PeripheralsClockState
                0x00000000080010c0       0xdc ./Src/RCC_program.o
                0x00000000080010c0                MRCC_u8PeripheralsClockState
 .text.SPI1_IRQHandler
                0x000000000800119c       0x28 ./Src/SPI_program.o
                0x000000000800119c                SPI1_IRQHandler
 .text.SPI2_IRQHandler
                0x00000000080011c4       0x28 ./Src/SPI_program.o
                0x00000000080011c4                SPI2_IRQHandler
 .text.SPI3_IRQHandler
                0x00000000080011ec       0x28 ./Src/SPI_program.o
                0x00000000080011ec                SPI3_IRQHandler
 .text.MSTK_u8ClockConfig
                0x0000000008001214       0x48 ./Src/STK_program.o
                0x0000000008001214                MSTK_u8ClockConfig
 .text.MSTK_voidStopTimer
                0x000000000800125c       0x28 ./Src/STK_program.o
                0x000000000800125c                MSTK_voidStopTimer
 .text.MSTK_u8BusyWait
                0x0000000008001284       0x50 ./Src/STK_program.o
                0x0000000008001284                MSTK_u8BusyWait
 .text.SysTick_Handler
                0x00000000080012d4       0x44 ./Src/STK_program.o
                0x00000000080012d4                SysTick_Handler
 .text.STIMERS_voidDelayMS
                0x0000000008001318       0x32 ./Src/TIMERS_program.o
                0x0000000008001318                STIMERS_voidDelayMS
 *fill*         0x000000000800134a        0x2 
 .text.MUSART_u8SetConfiguration
                0x000000000800134c      0x3e8 ./Src/USART_program.o
                0x000000000800134c                MUSART_u8SetConfiguration
 .text.MUSART_u8UsartStatus
                0x0000000008001734       0x58 ./Src/USART_program.o
                0x0000000008001734                MUSART_u8UsartStatus
 .text.MUSART_u8ReceiveCharSynch
                0x000000000800178c       0x84 ./Src/USART_program.o
                0x000000000800178c                MUSART_u8ReceiveCharSynch
 .text.MUSART_u8ReceiveArraySynch
                0x0000000008001810       0x4e ./Src/USART_program.o
                0x0000000008001810                MUSART_u8ReceiveArraySynch
 *fill*         0x000000000800185e        0x2 
 .text.MUSART_u8TransmitCharSynch
                0x0000000008001860       0x78 ./Src/USART_program.o
                0x0000000008001860                MUSART_u8TransmitCharSynch
 .text.MUSART_u8TransmitArraySynch
                0x00000000080018d8       0x50 ./Src/USART_program.o
                0x00000000080018d8                MUSART_u8TransmitArraySynch
 .text.MUSART_voidClearFlags
                0x0000000008001928       0x24 ./Src/USART_program.o
                0x0000000008001928                MUSART_voidClearFlags
 .text.USART1_IRQHandler
                0x000000000800194c       0x30 ./Src/USART_program.o
                0x000000000800194c                USART1_IRQHandler
 .text.USART2_IRQHandler
                0x000000000800197c       0x30 ./Src/USART_program.o
                0x000000000800197c                USART2_IRQHandler
 .text.USART3_IRQHandler
                0x00000000080019ac       0x30 ./Src/USART_program.o
                0x00000000080019ac                USART3_IRQHandler
 .text.voidSendAck
                0x00000000080019dc       0x28 ./Src/main.o
 .text.SE_voidPlugCable
                0x0000000008001a04       0x5c ./Src/main.o
                0x0000000008001a04                SE_voidPlugCable
 .text.SE_voidIdentification
                0x0000000008001a60       0xa8 ./Src/main.o
                0x0000000008001a60                SE_voidIdentification
 .text.SE_voidChargeParameter
                0x0000000008001b08       0x88 ./Src/main.o
                0x0000000008001b08                SE_voidChargeParameter
 .text.SE_voidStartCharging
                0x0000000008001b90       0x64 ./Src/main.o
                0x0000000008001b90                SE_voidStartCharging
 .text.SE_voidSendEnergyAmount
                0x0000000008001bf4       0x80 ./Src/main.o
                0x0000000008001bf4                SE_voidSendEnergyAmount
 .text.SE_voidChargingCost
                0x0000000008001c74       0xc0 ./Src/main.o
                0x0000000008001c74                SE_voidChargingCost
 .text.SE_voidEndCharging
                0x0000000008001d34       0x98 ./Src/main.o
                0x0000000008001d34                SE_voidEndCharging
 .text.main     0x0000000008001dcc      0x1d0 ./Src/main.o
                0x0000000008001dcc                main
 .text.Reset_Handler
                0x0000000008001f9c       0x50 ./Startup/startup_stm32f103c8tx.o
                0x0000000008001f9c                Reset_Handler
 .text.Default_Handler
                0x0000000008001fec        0x2 ./Startup/startup_stm32f103c8tx.o
                0x0000000008001fec                TIM8_TRG_COM_IRQHandler
                0x0000000008001fec                TIM8_CC_IRQHandler
                0x0000000008001fec                DebugMon_Handler
                0x0000000008001fec                TIM1_CC_IRQHandler
                0x0000000008001fec                HardFault_Handler
                0x0000000008001fec                TIM6_IRQHandler
                0x0000000008001fec                PVD_IRQHandler
                0x0000000008001fec                SDIO_IRQHandler
                0x0000000008001fec                PendSV_Handler
                0x0000000008001fec                NMI_Handler
                0x0000000008001fec                USB_HP_CAN_TX_IRQHandler
                0x0000000008001fec                I2C2_EV_IRQHandler
                0x0000000008001fec                UsageFault_Handler
                0x0000000008001fec                CAN_SCE_IRQHandler
                0x0000000008001fec                TAMPER_IRQHandler
                0x0000000008001fec                TIM8_UP_IRQHandler
                0x0000000008001fec                DMA2_Channel2_IRQHandler
                0x0000000008001fec                RTC_IRQHandler
                0x0000000008001fec                UART5_IRQHandler
                0x0000000008001fec                CAN_RX1_IRQHandler
                0x0000000008001fec                DMA2_Channel1_IRQHandler
                0x0000000008001fec                I2C1_EV_IRQHandler
                0x0000000008001fec                UART4_IRQHandler
                0x0000000008001fec                RCC_IRQHandler
                0x0000000008001fec                TIM1_TRG_COM_IRQHandler
                0x0000000008001fec                Default_Handler
                0x0000000008001fec                TIM7_IRQHandler
                0x0000000008001fec                USB_LP_CAN_RX0_IRQHandler
                0x0000000008001fec                MemManage_Handler
                0x0000000008001fec                SVC_Handler
                0x0000000008001fec                FSMC_IRQHandler
                0x0000000008001fec                TIM1_UP_IRQHandler
                0x0000000008001fec                WWDG_IRQHandler
                0x0000000008001fec                TIM1_BRK_IRQHandler
                0x0000000008001fec                RTCAlarm_IRQHandler
                0x0000000008001fec                DMA2_Channel4_5_IRQHandler
                0x0000000008001fec                I2C2_ER_IRQHandler
                0x0000000008001fec                TIM8_BRK_IRQHandler
                0x0000000008001fec                FLASH_IRQHandler
                0x0000000008001fec                BusFault_Handler
                0x0000000008001fec                I2C1_ER_IRQHandler
                0x0000000008001fec                DMA2_Channel3_IRQHandler
 *fill*         0x0000000008001fee        0x2 
 .text.__libc_init_array
                0x0000000008001ff0       0x48 c:/st/stm32cubeide_1.9.0/stm32cubeide/plugins/com.st.stm32cube.ide.mcu.externaltools.gnu-tools-for-stm32.10.3-2021.10.win32_1.0.0.202111181127/tools/bin/../lib/gcc/arm-none-eabi/10.3.1/../../../../arm-none-eabi/lib/thumb/v7-m/nofp\libc_nano.a(lib_a-init.o)
                0x0000000008001ff0                __libc_init_array
 .text.memset   0x0000000008002038       0x10 c:/st/stm32cubeide_1.9.0/stm32cubeide/plugins/com.st.stm32cube.ide.mcu.externaltools.gnu-tools-for-stm32.10.3-2021.10.win32_1.0.0.202111181127/tools/bin/../lib/gcc/arm-none-eabi/10.3.1/../../../../arm-none-eabi/lib/thumb/v7-m/nofp\libc_nano.a(lib_a-memset.o)
                0x0000000008002038                memset
 *(.glue_7)
 .glue_7        0x0000000008002048        0x0 linker stubs
 *(.glue_7t)
 .glue_7t       0x0000000008002048        0x0 linker stubs
 *(.eh_frame)
 .eh_frame      0x0000000008002048        0x0 c:/st/stm32cubeide_1.9.0/stm32cubeide/plugins/com.st.stm32cube.ide.mcu.externaltools.gnu-tools-for-stm32.10.3-2021.10.win32_1.0.0.202111181127/tools/bin/../lib/gcc/arm-none-eabi/10.3.1/thumb/v7-m/nofp/crtbegin.o
 *(.init)
 .init          0x0000000008002048        0x4 c:/st/stm32cubeide_1.9.0/stm32cubeide/plugins/com.st.stm32cube.ide.mcu.externaltools.gnu-tools-for-stm32.10.3-2021.10.win32_1.0.0.202111181127/tools/bin/../lib/gcc/arm-none-eabi/10.3.1/thumb/v7-m/nofp/crti.o
                0x0000000008002048                _init
 .init          0x000000000800204c        0x8 c:/st/stm32cubeide_1.9.0/stm32cubeide/plugins/com.st.stm32cube.ide.mcu.externaltools.gnu-tools-for-stm32.10.3-2021.10.win32_1.0.0.202111181127/tools/bin/../lib/gcc/arm-none-eabi/10.3.1/thumb/v7-m/nofp/crtn.o
 *(.fini)
 .fini          0x0000000008002054        0x4 c:/st/stm32cubeide_1.9.0/stm32cubeide/plugins/com.st.stm32cube.ide.mcu.externaltools.gnu-tools-for-stm32.10.3-2021.10.win32_1.0.0.202111181127/tools/bin/../lib/gcc/arm-none-eabi/10.3.1/thumb/v7-m/nofp/crti.o
                0x0000000008002054                _fini
 .fini          0x0000000008002058        0x8 c:/st/stm32cubeide_1.9.0/stm32cubeide/plugins/com.st.stm32cube.ide.mcu.externaltools.gnu-tools-for-stm32.10.3-2021.10.win32_1.0.0.202111181127/tools/bin/../lib/gcc/arm-none-eabi/10.3.1/thumb/v7-m/nofp/crtn.o
                0x0000000008002060                . = ALIGN (0x4)
                0x0000000008002060                _etext = .

.vfp11_veneer   0x0000000008002060        0x0
 .vfp11_veneer  0x0000000008002060        0x0 linker stubs

.v4_bx          0x0000000008002060        0x0
 .v4_bx         0x0000000008002060        0x0 linker stubs

.iplt           0x0000000008002060        0x0
 .iplt          0x0000000008002060        0x0 c:/st/stm32cubeide_1.9.0/stm32cubeide/plugins/com.st.stm32cube.ide.mcu.externaltools.gnu-tools-for-stm32.10.3-2021.10.win32_1.0.0.202111181127/tools/bin/../lib/gcc/arm-none-eabi/10.3.1/thumb/v7-m/nofp/crtbegin.o

.rodata         0x0000000008002060      0x128
                0x0000000008002060                . = ALIGN (0x4)
 *(.rodata)
 .rodata        0x0000000008002060      0x125 ./Src/main.o
 *(.rodata*)
                0x0000000008002188                . = ALIGN (0x4)
 *fill*         0x0000000008002185        0x3 

.ARM.extab      0x0000000008002188        0x0
                0x0000000008002188                . = ALIGN (0x4)
 *(.ARM.extab* .gnu.linkonce.armextab.*)
                0x0000000008002188                . = ALIGN (0x4)

.ARM            0x0000000008002188        0x8
                0x0000000008002188                . = ALIGN (0x4)
                0x0000000008002188                __exidx_start = .
 *(.ARM.exidx*)
 .ARM.exidx     0x0000000008002188        0x8 c:/st/stm32cubeide_1.9.0/stm32cubeide/plugins/com.st.stm32cube.ide.mcu.externaltools.gnu-tools-for-stm32.10.3-2021.10.win32_1.0.0.202111181127/tools/bin/../lib/gcc/arm-none-eabi/10.3.1/thumb/v7-m/nofp\libgcc.a(_udivmoddi4.o)
                0x0000000008002190                __exidx_end = .
                0x0000000008002190                . = ALIGN (0x4)

.rel.dyn        0x0000000008002190        0x0
 .rel.iplt      0x0000000008002190        0x0 c:/st/stm32cubeide_1.9.0/stm32cubeide/plugins/com.st.stm32cube.ide.mcu.externaltools.gnu-tools-for-stm32.10.3-2021.10.win32_1.0.0.202111181127/tools/bin/../lib/gcc/arm-none-eabi/10.3.1/thumb/v7-m/nofp/crtbegin.o

.preinit_array  0x0000000008002190        0x0
                0x0000000008002190                . = ALIGN (0x4)
                0x0000000008002190                PROVIDE (__preinit_array_start = .)
 *(.preinit_array*)
                0x0000000008002190                PROVIDE (__preinit_array_end = .)
                0x0000000008002190                . = ALIGN (0x4)

.init_array     0x0000000008002190        0x4
                0x0000000008002190                . = ALIGN (0x4)
                0x0000000008002190                PROVIDE (__init_array_start = .)
 *(SORT_BY_NAME(.init_array.*))
 *(.init_array*)
 .init_array    0x0000000008002190        0x4 c:/st/stm32cubeide_1.9.0/stm32cubeide/plugins/com.st.stm32cube.ide.mcu.externaltools.gnu-tools-for-stm32.10.3-2021.10.win32_1.0.0.202111181127/tools/bin/../lib/gcc/arm-none-eabi/10.3.1/thumb/v7-m/nofp/crtbegin.o
                0x0000000008002194                PROVIDE (__init_array_end = .)
                0x0000000008002194                . = ALIGN (0x4)

.fini_array     0x0000000008002194        0x4
                0x0000000008002194                . = ALIGN (0x4)
                [!provide]                        PROVIDE (__fini_array_start = .)
 *(SORT_BY_NAME(.fini_array.*))
 *(.fini_array*)
 .fini_array    0x0000000008002194        0x4 c:/st/stm32cubeide_1.9.0/stm32cubeide/plugins/com.st.stm32cube.ide.mcu.externaltools.gnu-tools-for-stm32.10.3-2021.10.win32_1.0.0.202111181127/tools/bin/../lib/gcc/arm-none-eabi/10.3.1/thumb/v7-m/nofp/crtbegin.o
                [!provide]                        PROVIDE (__fini_array_end = .)
                0x0000000008002198                . = ALIGN (0x4)
                0x0000000008002198                _sidata = LOADADDR (.data)

.data           0x0000000020000000       0x40 load address 0x0000000008002198
                0x0000000020000000                . = ALIGN (0x4)
                0x0000000020000000                _sdata = .
 *(.data)
 *(.data*)
 .data.GPIO_Ports
                0x0000000020000000        0xc ./Src/GPIO_program.o
 .data.GPTIMER_Index
                0x000000002000000c       0x10 ./Src/GPTIMER_program.o
 .data.SPI_Index
                0x000000002000001c        0xc ./Src/SPI_program.o
 .data.STK_u8IntervalType
                0x0000000020000028        0x1 ./Src/STK_program.o
 *fill*         0x0000000020000029        0x3 
 .data.USART_Index
                0x000000002000002c       0x14 ./Src/USART_program.o
 *(.RamFunc)
 *(.RamFunc*)
                0x0000000020000040                . = ALIGN (0x4)
                0x0000000020000040                _edata = .

.igot.plt       0x0000000020000040        0x0 load address 0x00000000080021d8
 .igot.plt      0x0000000020000040        0x0 c:/st/stm32cubeide_1.9.0/stm32cubeide/plugins/com.st.stm32cube.ide.mcu.externaltools.gnu-tools-for-stm32.10.3-2021.10.win32_1.0.0.202111181127/tools/bin/../lib/gcc/arm-none-eabi/10.3.1/thumb/v7-m/nofp/crtbegin.o
                0x0000000020000040                . = ALIGN (0x4)

.bss            0x0000000020000040       0xd0 load address 0x00000000080021d8
                0x0000000020000040                _sbss = .
                0x0000000020000040                __bss_start__ = _sbss
 *(.bss)
 .bss           0x0000000020000040       0x1c c:/st/stm32cubeide_1.9.0/stm32cubeide/plugins/com.st.stm32cube.ide.mcu.externaltools.gnu-tools-for-stm32.10.3-2021.10.win32_1.0.0.202111181127/tools/bin/../lib/gcc/arm-none-eabi/10.3.1/thumb/v7-m/nofp/crtbegin.o
 *(.bss*)
 .bss.ADC_ApfCallBack
                0x000000002000005c        0xc ./Src/ADC_program.o
 .bss.DMA_ApfChannelCallBack
                0x0000000020000068       0x1c ./Src/DMA_program.o
 .bss.EXTI_ApfCallBack
                0x0000000020000084       0x40 ./Src/EXTI_program.o
 .bss.GPTIMER_ApfCallBack
                0x00000000200000c4       0x10 ./Src/GPTIMER_program.o
 .bss.SPI_ApFunCallBack
                0x00000000200000d4        0xc ./Src/SPI_program.o
 .bss.SysTick_CallBack
                0x00000000200000e0        0x4 ./Src/STK_program.o
 .bss.USART_ApfCallBack
                0x00000000200000e4       0x14 ./Src/USART_program.o
 .bss.Global_pu8VIN
                0x00000000200000f8       0x12 ./Src/main.o
                0x00000000200000f8                Global_pu8VIN
 .bss.Global_u8ChargingVolt
                0x000000002000010a        0x1 ./Src/main.o
                0x000000002000010a                Global_u8ChargingVolt
 .bss.Global_u8StartVolt
                0x000000002000010b        0x1 ./Src/main.o
                0x000000002000010b                Global_u8StartVolt
 .bss.Global_u8EndtVolt
                0x000000002000010c        0x1 ./Src/main.o
                0x000000002000010c                Global_u8EndtVolt
 .bss.Global_u8StartEndFlag
                0x000000002000010d        0x1 ./Src/main.o
                0x000000002000010d                Global_u8StartEndFlag
 *(COMMON)
                0x0000000020000110                . = ALIGN (0x4)
 *fill*         0x000000002000010e        0x2 
                0x0000000020000110                _ebss = .
                0x0000000020000110                __bss_end__ = _ebss

._user_heap_stack
                0x0000000020000110      0x600 load address 0x00000000080021d8
                0x0000000020000110                . = ALIGN (0x8)
                [!provide]                        PROVIDE (end = .)
                0x0000000020000110                PROVIDE (_end = .)
                0x0000000020000310                . = (. + _Min_Heap_Size)
 *fill*         0x0000000020000110      0x200 
                0x0000000020000710                . = (. + _Min_Stack_Size)
 *fill*         0x0000000020000310      0x400 
                0x0000000020000710                . = ALIGN (0x8)

/DISCARD/
 libc.a(*)
 libm.a(*)
 libgcc.a(*)

.ARM.attributes
                0x0000000000000000       0x29
 *(.ARM.attributes)
 .ARM.attributes
                0x0000000000000000       0x1d c:/st/stm32cubeide_1.9.0/stm32cubeide/plugins/com.st.stm32cube.ide.mcu.externaltools.gnu-tools-for-stm32.10.3-2021.10.win32_1.0.0.202111181127/tools/bin/../lib/gcc/arm-none-eabi/10.3.1/thumb/v7-m/nofp/crti.o
 .ARM.attributes
                0x000000000000001d       0x2d c:/st/stm32cubeide_1.9.0/stm32cubeide/plugins/com.st.stm32cube.ide.mcu.externaltools.gnu-tools-for-stm32.10.3-2021.10.win32_1.0.0.202111181127/tools/bin/../lib/gcc/arm-none-eabi/10.3.1/thumb/v7-m/nofp/crtbegin.o
 .ARM.attributes
                0x000000000000004a       0x2d ./Src/ADC_program.o
 .ARM.attributes
                0x0000000000000077       0x2d ./Src/DMA_program.o
 .ARM.attributes
                0x00000000000000a4       0x2d ./Src/EXTI_program.o
 .ARM.attributes
                0x00000000000000d1       0x2d ./Src/GPIO_program.o
 .ARM.attributes
                0x00000000000000fe       0x2d ./Src/GPTIMER_program.o
 .ARM.attributes
                0x000000000000012b       0x2d ./Src/LCD_program.o
 .ARM.attributes
                0x0000000000000158       0x2d ./Src/RCC_program.o
 .ARM.attributes
                0x0000000000000185       0x2d ./Src/SPI_program.o
 .ARM.attributes
                0x00000000000001b2       0x2d ./Src/STK_program.o
 .ARM.attributes
                0x00000000000001df       0x2d ./Src/TIMERS_program.o
 .ARM.attributes
                0x000000000000020c       0x2d ./Src/USART_program.o
 .ARM.attributes
                0x0000000000000239       0x2d ./Src/main.o
 .ARM.attributes
                0x0000000000000266       0x21 ./Startup/startup_stm32f103c8tx.o
 .ARM.attributes
                0x0000000000000287       0x2d c:/st/stm32cubeide_1.9.0/stm32cubeide/plugins/com.st.stm32cube.ide.mcu.externaltools.gnu-tools-for-stm32.10.3-2021.10.win32_1.0.0.202111181127/tools/bin/../lib/gcc/arm-none-eabi/10.3.1/../../../../arm-none-eabi/lib/thumb/v7-m/nofp\libc_nano.a(lib_a-init.o)
 .ARM.attributes
                0x00000000000002b4       0x2d c:/st/stm32cubeide_1.9.0/stm32cubeide/plugins/com.st.stm32cube.ide.mcu.externaltools.gnu-tools-for-stm32.10.3-2021.10.win32_1.0.0.202111181127/tools/bin/../lib/gcc/arm-none-eabi/10.3.1/../../../../arm-none-eabi/lib/thumb/v7-m/nofp\libc_nano.a(lib_a-memset.o)
 .ARM.attributes
                0x00000000000002e1       0x1d c:/st/stm32cubeide_1.9.0/stm32cubeide/plugins/com.st.stm32cube.ide.mcu.externaltools.gnu-tools-for-stm32.10.3-2021.10.win32_1.0.0.202111181127/tools/bin/../lib/gcc/arm-none-eabi/10.3.1/thumb/v7-m/nofp\libgcc.a(_aeabi_uldivmod.o)
 .ARM.attributes
                0x00000000000002fe       0x2d c:/st/stm32cubeide_1.9.0/stm32cubeide/plugins/com.st.stm32cube.ide.mcu.externaltools.gnu-tools-for-stm32.10.3-2021.10.win32_1.0.0.202111181127/tools/bin/../lib/gcc/arm-none-eabi/10.3.1/thumb/v7-m/nofp\libgcc.a(_udivmoddi4.o)
 .ARM.attributes
                0x000000000000032b       0x1d c:/st/stm32cubeide_1.9.0/stm32cubeide/plugins/com.st.stm32cube.ide.mcu.externaltools.gnu-tools-for-stm32.10.3-2021.10.win32_1.0.0.202111181127/tools/bin/../lib/gcc/arm-none-eabi/10.3.1/thumb/v7-m/nofp\libgcc.a(_dvmd_tls.o)
 .ARM.attributes
                0x0000000000000348       0x1d c:/st/stm32cubeide_1.9.0/stm32cubeide/plugins/com.st.stm32cube.ide.mcu.externaltools.gnu-tools-for-stm32.10.3-2021.10.win32_1.0.0.202111181127/tools/bin/../lib/gcc/arm-none-eabi/10.3.1/thumb/v7-m/nofp/crtn.o
OUTPUT(Station.elf elf32-littlearm)
LOAD linker stubs
LOAD c:/st/stm32cubeide_1.9.0/stm32cubeide/plugins/com.st.stm32cube.ide.mcu.externaltools.gnu-tools-for-stm32.10.3-2021.10.win32_1.0.0.202111181127/tools/bin/../lib/gcc/arm-none-eabi/10.3.1/../../../../arm-none-eabi/lib/thumb/v7-m/nofp\libc.a
LOAD c:/st/stm32cubeide_1.9.0/stm32cubeide/plugins/com.st.stm32cube.ide.mcu.externaltools.gnu-tools-for-stm32.10.3-2021.10.win32_1.0.0.202111181127/tools/bin/../lib/gcc/arm-none-eabi/10.3.1/../../../../arm-none-eabi/lib/thumb/v7-m/nofp\libm.a
LOAD c:/st/stm32cubeide_1.9.0/stm32cubeide/plugins/com.st.stm32cube.ide.mcu.externaltools.gnu-tools-for-stm32.10.3-2021.10.win32_1.0.0.202111181127/tools/bin/../lib/gcc/arm-none-eabi/10.3.1/thumb/v7-m/nofp\libgcc.a

.debug_info     0x0000000000000000     0x5228
 .debug_info    0x0000000000000000      0x49c ./Src/ADC_program.o
 .debug_info    0x000000000000049c      0x628 ./Src/DMA_program.o
 .debug_info    0x0000000000000ac4      0x4c6 ./Src/EXTI_program.o
 .debug_info    0x0000000000000f8a      0x66d ./Src/GPIO_program.o
 .debug_info    0x00000000000015f7      0x8f0 ./Src/GPTIMER_program.o
 .debug_info    0x0000000000001ee7      0x53c ./Src/LCD_program.o
 .debug_info    0x0000000000002423      0x766 ./Src/RCC_program.o
 .debug_info    0x0000000000002b89      0x798 ./Src/SPI_program.o
 .debug_info    0x0000000000003321      0x2fc ./Src/STK_program.o
 .debug_info    0x000000000000361d      0x5ec ./Src/TIMERS_program.o
 .debug_info    0x0000000000003c09      0x8d8 ./Src/USART_program.o
 .debug_info    0x00000000000044e1      0xd25 ./Src/main.o
 .debug_info    0x0000000000005206       0x22 ./Startup/startup_stm32f103c8tx.o

.debug_abbrev   0x0000000000000000     0x1050
 .debug_abbrev  0x0000000000000000      0x140 ./Src/ADC_program.o
 .debug_abbrev  0x0000000000000140      0x14d ./Src/DMA_program.o
 .debug_abbrev  0x000000000000028d      0x126 ./Src/EXTI_program.o
 .debug_abbrev  0x00000000000003b3      0x10b ./Src/GPIO_program.o
 .debug_abbrev  0x00000000000004be      0x19c ./Src/GPTIMER_program.o
 .debug_abbrev  0x000000000000065a      0x103 ./Src/LCD_program.o
 .debug_abbrev  0x000000000000075d      0x13e ./Src/RCC_program.o
 .debug_abbrev  0x000000000000089b      0x15d ./Src/SPI_program.o
 .debug_abbrev  0x00000000000009f8      0x14e ./Src/STK_program.o
 .debug_abbrev  0x0000000000000b46      0x125 ./Src/TIMERS_program.o
 .debug_abbrev  0x0000000000000c6b      0x1bd ./Src/USART_program.o
 .debug_abbrev  0x0000000000000e28      0x216 ./Src/main.o
 .debug_abbrev  0x000000000000103e       0x12 ./Startup/startup_stm32f103c8tx.o

.debug_aranges  0x0000000000000000      0x540
 .debug_aranges
                0x0000000000000000       0x50 ./Src/ADC_program.o
 .debug_aranges
                0x0000000000000050       0x88 ./Src/DMA_program.o
 .debug_aranges
                0x00000000000000d8       0x88 ./Src/EXTI_program.o
 .debug_aranges
                0x0000000000000160       0x50 ./Src/GPIO_program.o
 .debug_aranges
                0x00000000000001b0       0xa8 ./Src/GPTIMER_program.o
 .debug_aranges
                0x0000000000000258       0x60 ./Src/LCD_program.o
 .debug_aranges
                0x00000000000002b8       0x70 ./Src/RCC_program.o
 .debug_aranges
                0x0000000000000328       0x60 ./Src/SPI_program.o
 .debug_aranges
                0x0000000000000388       0x58 ./Src/STK_program.o
 .debug_aranges
                0x00000000000003e0       0x38 ./Src/TIMERS_program.o
 .debug_aranges
                0x0000000000000418       0x90 ./Src/USART_program.o
 .debug_aranges
                0x00000000000004a8       0x70 ./Src/main.o
 .debug_aranges
                0x0000000000000518       0x28 ./Startup/startup_stm32f103c8tx.o

.debug_ranges   0x0000000000000000      0x490
 .debug_ranges  0x0000000000000000       0x40 ./Src/ADC_program.o
 .debug_ranges  0x0000000000000040       0x78 ./Src/DMA_program.o
 .debug_ranges  0x00000000000000b8       0x78 ./Src/EXTI_program.o
 .debug_ranges  0x0000000000000130       0x58 ./Src/GPIO_program.o
 .debug_ranges  0x0000000000000188       0x98 ./Src/GPTIMER_program.o
 .debug_ranges  0x0000000000000220       0x50 ./Src/LCD_program.o
 .debug_ranges  0x0000000000000270       0x60 ./Src/RCC_program.o
 .debug_ranges  0x00000000000002d0       0x50 ./Src/SPI_program.o
 .debug_ranges  0x0000000000000320       0x48 ./Src/STK_program.o
 .debug_ranges  0x0000000000000368       0x28 ./Src/TIMERS_program.o
 .debug_ranges  0x0000000000000390       0x80 ./Src/USART_program.o
 .debug_ranges  0x0000000000000410       0x60 ./Src/main.o
 .debug_ranges  0x0000000000000470       0x20 ./Startup/startup_stm32f103c8tx.o

.debug_macro    0x0000000000000000     0x16d4
 .debug_macro   0x0000000000000000       0x9b ./Src/ADC_program.o
 .debug_macro   0x000000000000009b      0x197 ./Src/ADC_program.o
 .debug_macro   0x0000000000000232       0x10 ./Src/ADC_program.o
 .debug_macro   0x0000000000000242       0x9b ./Src/DMA_program.o
 .debug_macro   0x00000000000002dd       0x64 ./Src/DMA_program.o
 .debug_macro   0x0000000000000341       0x9b ./Src/EXTI_program.o
 .debug_macro   0x00000000000003dc       0x6a ./Src/EXTI_program.o
 .debug_macro   0x0000000000000446       0x91 ./Src/GPIO_program.o
 .debug_macro   0x00000000000004d7       0x3a ./Src/GPIO_program.o
 .debug_macro   0x0000000000000511       0x10 ./Src/GPIO_program.o
 .debug_macro   0x0000000000000521       0x9a ./Src/GPTIMER_program.o
 .debug_macro   0x00000000000005bb       0x10 ./Src/GPTIMER_program.o
 .debug_macro   0x00000000000005cb       0x82 ./Src/GPTIMER_program.o
 .debug_macro   0x000000000000064d       0xaf ./Src/LCD_program.o
 .debug_macro   0x00000000000006fc       0x4c ./Src/LCD_program.o
 .debug_macro   0x0000000000000748       0x8e ./Src/LCD_program.o
 .debug_macro   0x00000000000007d6       0x91 ./Src/RCC_program.o
 .debug_macro   0x0000000000000867       0x88 ./Src/RCC_program.o
 .debug_macro   0x00000000000008ef       0x10 ./Src/RCC_program.o
 .debug_macro   0x00000000000008ff       0x9a ./Src/SPI_program.o
 .debug_macro   0x0000000000000999       0xe2 ./Src/SPI_program.o
 .debug_macro   0x0000000000000a7b       0x10 ./Src/SPI_program.o
 .debug_macro   0x0000000000000a8b       0x9b ./Src/STK_program.o
 .debug_macro   0x0000000000000b26       0x4c ./Src/STK_program.o
 .debug_macro   0x0000000000000b72       0xa7 ./Src/TIMERS_program.o
 .debug_macro   0x0000000000000c19       0x9a ./Src/USART_program.o
 .debug_macro   0x0000000000000cb3      0x124 ./Src/USART_program.o
 .debug_macro   0x0000000000000dd7       0x1c ./Src/USART_program.o
 .debug_macro   0x0000000000000df3      0x386 ./Src/main.o
 .debug_macro   0x0000000000001179       0x16 ./Src/main.o
 .debug_macro   0x000000000000118f       0x97 ./Src/main.o
 .debug_macro   0x0000000000001226       0xfd ./Src/main.o
 .debug_macro   0x0000000000001323       0x10 ./Src/main.o
 .debug_macro   0x0000000000001333       0x10 ./Src/main.o
 .debug_macro   0x0000000000001343       0x1c ./Src/main.o
 .debug_macro   0x000000000000135f       0x52 ./Src/main.o
 .debug_macro   0x00000000000013b1       0x22 ./Src/main.o
 .debug_macro   0x00000000000013d3       0x10 ./Src/main.o
 .debug_macro   0x00000000000013e3       0x52 ./Src/main.o
 .debug_macro   0x0000000000001435       0xd5 ./Src/main.o
 .debug_macro   0x000000000000150a       0x1c ./Src/main.o
 .debug_macro   0x0000000000001526       0x3d ./Src/main.o
 .debug_macro   0x0000000000001563       0x16 ./Src/main.o
 .debug_macro   0x0000000000001579      0x145 ./Src/main.o
 .debug_macro   0x00000000000016be       0x16 ./Src/main.o

.debug_line     0x0000000000000000     0x5509
 .debug_line    0x0000000000000000      0x575 ./Src/ADC_program.o
 .debug_line    0x0000000000000575      0x79c ./Src/DMA_program.o
 .debug_line    0x0000000000000d11      0x822 ./Src/EXTI_program.o
 .debug_line    0x0000000000001533      0x68f ./Src/GPIO_program.o
 .debug_line    0x0000000000001bc2      0x80b ./Src/GPTIMER_program.o
 .debug_line    0x00000000000023cd      0x61d ./Src/LCD_program.o
 .debug_line    0x00000000000029ea      0x6d8 ./Src/RCC_program.o
 .debug_line    0x00000000000030c2      0x678 ./Src/SPI_program.o
 .debug_line    0x000000000000373a      0x54a ./Src/STK_program.o
 .debug_line    0x0000000000003c84      0x4ce ./Src/TIMERS_program.o
 .debug_line    0x0000000000004152      0x8e1 ./Src/USART_program.o
 .debug_line    0x0000000000004a33      0xa52 ./Src/main.o
 .debug_line    0x0000000000005485       0x84 ./Startup/startup_stm32f103c8tx.o

.debug_str      0x0000000000000000     0xc991
 .debug_str     0x0000000000000000     0x468c ./Src/ADC_program.o
                                       0x480c (size before relaxing)
 .debug_str     0x000000000000468c      0x599 ./Src/DMA_program.o
                                       0x4b8c (size before relaxing)
 .debug_str     0x0000000000004c25      0x4e1 ./Src/EXTI_program.o
                                       0x4ab9 (size before relaxing)
 .debug_str     0x0000000000005106      0x49a ./Src/GPIO_program.o
                                       0x4a37 (size before relaxing)
 .debug_str     0x00000000000055a0      0x779 ./Src/GPTIMER_program.o
                                       0x4d60 (size before relaxing)
 .debug_str     0x0000000000005d19      0x679 ./Src/LCD_program.o
                                       0x454a (size before relaxing)
 .debug_str     0x0000000000006392      0x6c3 ./Src/RCC_program.o
                                       0x4bf7 (size before relaxing)
 .debug_str     0x0000000000006a55      0x7df ./Src/SPI_program.o
                                       0x4dbf (size before relaxing)
 .debug_str     0x0000000000007234      0x211 ./Src/STK_program.o
                                       0x483a (size before relaxing)
 .debug_str     0x0000000000007445      0x489 ./Src/TIMERS_program.o
                                       0x4446 (size before relaxing)
 .debug_str     0x00000000000078ce      0x9ac ./Src/USART_program.o
                                       0x4fcb (size before relaxing)
 .debug_str     0x000000000000827a     0x46e6 ./Src/main.o
                                       0x8e91 (size before relaxing)
 .debug_str     0x000000000000c960       0x31 ./Startup/startup_stm32f103c8tx.o
                                         0x82 (size before relaxing)

.comment        0x0000000000000000       0x50
 .comment       0x0000000000000000       0x50 ./Src/ADC_program.o
                                         0x51 (size before relaxing)
 .comment       0x0000000000000050       0x51 ./Src/DMA_program.o
 .comment       0x0000000000000050       0x51 ./Src/EXTI_program.o
 .comment       0x0000000000000050       0x51 ./Src/GPIO_program.o
 .comment       0x0000000000000050       0x51 ./Src/GPTIMER_program.o
 .comment       0x0000000000000050       0x51 ./Src/LCD_program.o
 .comment       0x0000000000000050       0x51 ./Src/RCC_program.o
 .comment       0x0000000000000050       0x51 ./Src/SPI_program.o
 .comment       0x0000000000000050       0x51 ./Src/STK_program.o
 .comment       0x0000000000000050       0x51 ./Src/TIMERS_program.o
 .comment       0x0000000000000050       0x51 ./Src/USART_program.o
 .comment       0x0000000000000050       0x51 ./Src/main.o

.debug_frame    0x0000000000000000     0x136c
 .debug_frame   0x0000000000000000      0x114 ./Src/ADC_program.o
 .debug_frame   0x0000000000000114      0x1e8 ./Src/DMA_program.o
 .debug_frame   0x00000000000002fc      0x1ec ./Src/EXTI_program.o
 .debug_frame   0x00000000000004e8      0x128 ./Src/GPIO_program.o
 .debug_frame   0x0000000000000610      0x2b4 ./Src/GPTIMER_program.o
 .debug_frame   0x00000000000008c4      0x13c ./Src/LCD_program.o
 .debug_frame   0x0000000000000a00      0x1c8 ./Src/RCC_program.o
 .debug_frame   0x0000000000000bc8      0x14c ./Src/SPI_program.o
 .debug_frame   0x0000000000000d14      0x130 ./Src/STK_program.o
 .debug_frame   0x0000000000000e44       0xac ./Src/TIMERS_program.o
 .debug_frame   0x0000000000000ef0      0x238 ./Src/USART_program.o
 .debug_frame   0x0000000000001128      0x198 ./Src/main.o
 .debug_frame   0x00000000000012c0       0x2c c:/st/stm32cubeide_1.9.0/stm32cubeide/plugins/com.st.stm32cube.ide.mcu.externaltools.gnu-tools-for-stm32.10.3-2021.10.win32_1.0.0.202111181127/tools/bin/../lib/gcc/arm-none-eabi/10.3.1/../../../../arm-none-eabi/lib/thumb/v7-m/nofp\libc_nano.a(lib_a-init.o)
 .debug_frame   0x00000000000012ec       0x20 c:/st/stm32cubeide_1.9.0/stm32cubeide/plugins/com.st.stm32cube.ide.mcu.externaltools.gnu-tools-for-stm32.10.3-2021.10.win32_1.0.0.202111181127/tools/bin/../lib/gcc/arm-none-eabi/10.3.1/../../../../arm-none-eabi/lib/thumb/v7-m/nofp\libc_nano.a(lib_a-memset.o)
 .debug_frame   0x000000000000130c       0x2c c:/st/stm32cubeide_1.9.0/stm32cubeide/plugins/com.st.stm32cube.ide.mcu.externaltools.gnu-tools-for-stm32.10.3-2021.10.win32_1.0.0.202111181127/tools/bin/../lib/gcc/arm-none-eabi/10.3.1/thumb/v7-m/nofp\libgcc.a(_aeabi_uldivmod.o)
 .debug_frame   0x0000000000001338       0x34 c:/st/stm32cubeide_1.9.0/stm32cubeide/plugins/com.st.stm32cube.ide.mcu.externaltools.gnu-tools-for-stm32.10.3-2021.10.win32_1.0.0.202111181127/tools/bin/../lib/gcc/arm-none-eabi/10.3.1/thumb/v7-m/nofp\libgcc.a(_udivmoddi4.o)
