../Src/DMA_program.c:46:9:MDMA_u8SetConfiguration	32	static
../Src/DMA_program.c:106:10:MDMA_u8Enable	24	static
../Src/DMA_program.c:136:10:MDMA_u8Disable	24	static
../Src/DMA_program.c:164:10:MDMA_u8InterruptEnable	24	static
../Src/DMA_program.c:194:10:MDMA_u8ChannelStart	32	static
../Src/DMA_program.c:223:10:MDMA_u8SetCallBack	24	static
../Src/DMA_program.c:252:17:MDMA_u8ClearFlag	24	static
../Src/DMA_program.c:270:6:DMA1_Channel1_IRQHandler	8	static
../Src/DMA_program.c:283:6:DMA1_Channel2_IRQHandler	8	static
../Src/DMA_program.c:295:6:DMA1_Channel3_IRQHandler	8	static
../Src/DMA_program.c:307:6:DMA1_Channel4_IRQHandler	8	static
../Src/DMA_program.c:319:6:DMA1_Channel5_IRQHandler	8	static
../Src/DMA_program.c:331:6:DMA1_Channel6_IRQHandler	8	static
../Src/DMA_program.c:343:6:DMA1_Channel7_IRQHandler	8	static
