../Src/GPTIMER_program.c:47:10:MGPTIMER_u8CounterStatus	24	static
../Src/GPTIMER_program.c:74:10:MGPTIMER_u8SetPrescaler	24	static
../Src/GPTIMER_program.c:100:10:MGPTIMER_u8SetAutoReload	24	static
../Src/GPTIMER_program.c:127:10:MGPTIMER_u8SetTriggerEdge	24	static
../Src/GPTIMER_program.c:154:10:MGPTIMER_u8OnePulseModeStatus	24	static
../Src/GPTIMER_program.c:184:10:MGPTIMER_u8SetChannelOutput	24	static
../Src/GPTIMER_program.c:222:10:MGPTIMER_u8SetChannelInput	24	static
../Src/GPTIMER_program.c:255:10:MGPTIMER_u8SetCompareValue	24	static
../Src/GPTIMER_program.c:282:10:MGPTIMER_u8GetCompareValue	24	static
../Src/GPTIMER_program.c:307:10:MGPTIMER_u8ClearCounter	24	static
../Src/GPTIMER_program.c:333:10:MGPTIMER_u8SetCounter	24	static
../Src/GPTIMER_program.c:361:10:MGPTIMER_u8CompareInterruptStatus	24	static
../Src/GPTIMER_program.c:388:10:MGPTIMER_u8SetCallBack	24	static
../Src/GPTIMER_program.c:416:17:MGPTIMER_u8ClearInterruptFlags	24	static
../Src/GPTIMER_program.c:433:6:TIM2_IRQHandler	8	static
../Src/GPTIMER_program.c:441:6:TIM3_IRQHandler	8	static
../Src/GPTIMER_program.c:449:6:TIM4_IRQHandler	8	static
../Src/GPTIMER_program.c:456:7:TIM5_IRQHandler	8	static
