Archive member included to satisfy reference by file (symbol)

c:/st/stm32cubeide_1.9.0/stm32cubeide/plugins/com.st.stm32cube.ide.mcu.externaltools.gnu-tools-for-stm32.10.3-2021.10.win32_1.0.0.202111181127/tools/bin/../lib/gcc/arm-none-eabi/10.3.1/../../../../arm-none-eabi/lib/thumb/v7-m/nofp\libc_nano.a(lib_a-errno.o)
                              ./Src/syscalls.o (__errno)
c:/st/stm32cubeide_1.9.0/stm32cubeide/plugins/com.st.stm32cube.ide.mcu.externaltools.gnu-tools-for-stm32.10.3-2021.10.win32_1.0.0.202111181127/tools/bin/../lib/gcc/arm-none-eabi/10.3.1/../../../../arm-none-eabi/lib/thumb/v7-m/nofp\libc_nano.a(lib_a-exit.o)
                              c:/st/stm32cubeide_1.9.0/stm32cubeide/plugins/com.st.stm32cube.ide.mcu.externaltools.gnu-tools-for-stm32.10.3-2021.10.win32_1.0.0.202111181127/tools/bin/../lib/gcc/arm-none-eabi/10.3.1/../../../../arm-none-eabi/lib/thumb/v7-m/nofp/crt0.o (exit)
c:/st/stm32cubeide_1.9.0/stm32cubeide/plugins/com.st.stm32cube.ide.mcu.externaltools.gnu-tools-for-stm32.10.3-2021.10.win32_1.0.0.202111181127/tools/bin/../lib/gcc/arm-none-eabi/10.3.1/../../../../arm-none-eabi/lib/thumb/v7-m/nofp\libc_nano.a(lib_a-impure.o)
                              c:/st/stm32cubeide_1.9.0/stm32cubeide/plugins/com.st.stm32cube.ide.mcu.externaltools.gnu-tools-for-stm32.10.3-2021.10.win32_1.0.0.202111181127/tools/bin/../lib/gcc/arm-none-eabi/10.3.1/../../../../arm-none-eabi/lib/thumb/v7-m/nofp\libc_nano.a(lib_a-exit.o) (_global_impure_ptr)
c:/st/stm32cubeide_1.9.0/stm32cubeide/plugins/com.st.stm32cube.ide.mcu.externaltools.gnu-tools-for-stm32.10.3-2021.10.win32_1.0.0.202111181127/tools/bin/../lib/gcc/arm-none-eabi/10.3.1/../../../../arm-none-eabi/lib/thumb/v7-m/nofp\libc_nano.a(lib_a-init.o)
                              c:/st/stm32cubeide_1.9.0/stm32cubeide/plugins/com.st.stm32cube.ide.mcu.externaltools.gnu-tools-for-stm32.10.3-2021.10.win32_1.0.0.202111181127/tools/bin/../lib/gcc/arm-none-eabi/10.3.1/../../../../arm-none-eabi/lib/thumb/v7-m/nofp/crt0.o (__libc_init_array)
c:/st/stm32cubeide_1.9.0/stm32cubeide/plugins/com.st.stm32cube.ide.mcu.externaltools.gnu-tools-for-stm32.10.3-2021.10.win32_1.0.0.202111181127/tools/bin/../lib/gcc/arm-none-eabi/10.3.1/../../../../arm-none-eabi/lib/thumb/v7-m/nofp\libc_nano.a(lib_a-memset.o)
                              c:/st/stm32cubeide_1.9.0/stm32cubeide/plugins/com.st.stm32cube.ide.mcu.externaltools.gnu-tools-for-stm32.10.3-2021.10.win32_1.0.0.202111181127/tools/bin/../lib/gcc/arm-none-eabi/10.3.1/../../../../arm-none-eabi/lib/thumb/v7-m/nofp/crt0.o (memset)
c:/st/stm32cubeide_1.9.0/stm32cubeide/plugins/com.st.stm32cube.ide.mcu.externaltools.gnu-tools-for-stm32.10.3-2021.10.win32_1.0.0.202111181127/tools/bin/../lib/gcc/arm-none-eabi/10.3.1/thumb/v7-m/nofp\libgcc.a(_arm_muldf3.o)
                              ./Src/INA219_program.o (__aeabi_dmul)
c:/st/stm32cubeide_1.9.0/stm32cubeide/plugins/com.st.stm32cube.ide.mcu.externaltools.gnu-tools-for-stm32.10.3-2021.10.win32_1.0.0.202111181127/tools/bin/../lib/gcc/arm-none-eabi/10.3.1/thumb/v7-m/nofp\libgcc.a(_arm_mulsf3.o)
                              ./Src/CARKIT_program.o (__aeabi_fmul)
c:/st/stm32cubeide_1.9.0/stm32cubeide/plugins/com.st.stm32cube.ide.mcu.externaltools.gnu-tools-for-stm32.10.3-2021.10.win32_1.0.0.202111181127/tools/bin/../lib/gcc/arm-none-eabi/10.3.1/thumb/v7-m/nofp\libgcc.a(_arm_addsubdf3.o)
                              ./Src/TIMERS_program.o (__aeabi_ui2d)
c:/st/stm32cubeide_1.9.0/stm32cubeide/plugins/com.st.stm32cube.ide.mcu.externaltools.gnu-tools-for-stm32.10.3-2021.10.win32_1.0.0.202111181127/tools/bin/../lib/gcc/arm-none-eabi/10.3.1/thumb/v7-m/nofp\libgcc.a(_arm_muldivdf3.o)
                              ./Src/MPU6050_program.o (__aeabi_ddiv)
c:/st/stm32cubeide_1.9.0/stm32cubeide/plugins/com.st.stm32cube.ide.mcu.externaltools.gnu-tools-for-stm32.10.3-2021.10.win32_1.0.0.202111181127/tools/bin/../lib/gcc/arm-none-eabi/10.3.1/thumb/v7-m/nofp\libgcc.a(_arm_fixunsdfsi.o)
                              ./Src/INA219_program.o (__aeabi_d2uiz)
c:/st/stm32cubeide_1.9.0/stm32cubeide/plugins/com.st.stm32cube.ide.mcu.externaltools.gnu-tools-for-stm32.10.3-2021.10.win32_1.0.0.202111181127/tools/bin/../lib/gcc/arm-none-eabi/10.3.1/thumb/v7-m/nofp\libgcc.a(_arm_truncdfsf2.o)
                              ./Src/MPU6050_program.o (__aeabi_d2f)
c:/st/stm32cubeide_1.9.0/stm32cubeide/plugins/com.st.stm32cube.ide.mcu.externaltools.gnu-tools-for-stm32.10.3-2021.10.win32_1.0.0.202111181127/tools/bin/../lib/gcc/arm-none-eabi/10.3.1/thumb/v7-m/nofp\libgcc.a(_arm_addsubsf3.o)
                              ./Src/CARKIT_program.o (__aeabi_fadd)
c:/st/stm32cubeide_1.9.0/stm32cubeide/plugins/com.st.stm32cube.ide.mcu.externaltools.gnu-tools-for-stm32.10.3-2021.10.win32_1.0.0.202111181127/tools/bin/../lib/gcc/arm-none-eabi/10.3.1/thumb/v7-m/nofp\libgcc.a(_arm_muldivsf3.o)
                              ./Src/CARKIT_program.o (__aeabi_fdiv)
[...]
Memory Configuration

Name             Origin             Length             Attributes
RAM              0x0000000020000000 0x0000000000005000 xrw
FLASH            0x0000000008000000 0x0000000000010000 xr
*default*        0x0000000000000000 0xffffffffffffffff

Linker script and memory map

LOAD c:/st/stm32cubeide_1.9.0/stm32cubeide/plugins/com.st.stm32cube.ide.mcu.externaltools.gnu-tools-for-stm32.10.3-2021.10.win32_1.0.0.202111181127/tools/bin/../lib/gcc/arm-none-eabi/10.3.1/thumb/v7-m/nofp/crti.o
LOAD c:/st/stm32cubeide_1.9.0/stm32cubeide/plugins/com.st.stm32cube.ide.mcu.externaltools.gnu-tools-for-stm32.10.3-2021.10.win32_1.0.0.202111181127/tools/bin/../lib/gcc/arm-none-eabi/10.3.1/thumb/v7-m/nofp/crtbegin.o
LOAD c:/st/stm32cubeide_1.9.0/stm32cubeide/plugins/com.st.stm32cube.ide.mcu.externaltools.gnu-tools-for-stm32.10.3-2021.10.win32_1.0.0.202111181127/tools/bin/../lib/gcc/arm-none-eabi/10.3.1/../../../../arm-none-eabi/lib/thumb/v7-m/nofp/crt0.o
LOAD ./Src/7SEG_program.o
LOAD ./Src/ADC_program.o
LOAD ./Src/AFIO_program.o
LOAD ./Src/CARKIT_program.o
LOAD ./Src/DAC_program.o
LOAD ./Src/DMA_program.o
LOAD ./Src/EXTI_program.o
LOAD ./Src/GPIO_program.o
LOAD ./Src/GPTIMER_program.o
LOAD ./Src/GUI_program.o
LOAD ./Src/I2C_program.o
LOAD ./Src/INA219_program.o
LOAD ./Src/IR_program.o
LOAD ./Src/KPD_program.o
LOAD ./Src/LCD_program.o
LOAD ./Src/LEDMRX_program.o
LOAD ./Src/MPU6050_program.o
LOAD ./Src/NVIC_program.o
LOAD ./Src/RCC_program.o
LOAD ./Src/RTC_program.o
LOAD ./Src/SCB_program.o
LOAD ./Src/SPI_program.o
LOAD ./Src/STK_program.o
LOAD ./Src/STP_program.o
LOAD ./Src/TFT_program.o
LOAD ./Src/TIMERS_program.o
LOAD ./Src/ULTRASONIC_program.o
LOAD ./Src/USART_program.o
LOAD ./Src/V2G_program.o
LOAD ./Src/main.o
LOAD ./Src/syscalls.o
LOAD ./Src/sysmem.o
LOAD ./Startup/startup_stm32f103c8tx.o
START GROUP
LOAD c:/st/stm32cubeide_1.9.0/stm32cubeide/plugins/com.st.stm32cube.ide.mcu.externaltools.gnu-tools-for-stm32.10.3-2021.10.win32_1.0.0.202111181127/tools/bin/../lib/gcc/arm-none-eabi/10.3.1/../../../../arm-none-eabi/lib/thumb/v7-m/nofp\libc_nano.a
LOAD c:/st/stm32cubeide_1.9.0/stm32cubeide/plugins/com.st.stm32cube.ide.mcu.externaltools.gnu-tools-for-stm32.10.3-2021.10.win32_1.0.0.202111181127/tools/bin/../lib/gcc/arm-none-eabi/10.3.1/../../../../arm-none-eabi/lib/thumb/v7-m/nofp\libm.a
END GROUP
START GROUP
LOAD c:/st/stm32cubeide_1.9.0/stm32cubeide/plugins/com.st.stm32cube.ide.mcu.externaltools.gnu-tools-for-stm32.10.3-2021.10.win32_1.0.0.202111181127/tools/bin/../lib/gcc/arm-none-eabi/10.3.1/thumb/v7-m/nofp\libgcc.a
LOAD c:/st/stm32cubeide_1.9.0/stm32cubeide/plugins/com.st.stm32cube.ide.mcu.externaltools.gnu-tools-for-stm32.10.3-2021.10.win32_1.0.0.202111181127/tools/bin/../lib/gcc/arm-none-eabi/10.3.1/../../../../arm-none-eabi/lib/thumb/v7-m/nofp\libc_nano.a
END GROUP
START GROUP
LOAD c:/st/stm32cubeide_1.9.0/stm32cubeide/plugins/com.st.stm32cube.ide.mcu.externaltools.gnu-tools-for-stm32.10.3-2021.10.win32_1.0.0.202111181127/tools/bin/../lib/gcc/arm-none-eabi/10.3.1/thumb/v7-m/nofp\libgcc.a
LOAD c:/st/stm32cubeide_1.9.0/stm32cubeide/plugins/com.st.stm32cube.ide.mcu.externaltools.gnu-tools-for-stm32.10.3-2021.10.win32_1.0.0.202111181127/tools/bin/../lib/gcc/arm-none-eabi/10.3.1/../../../../arm-none-eabi/lib/thumb/v7-m/nofp\libc_nano.a
LOAD c:/st/stm32cubeide_1.9.0/stm32cubeide/plugins/com.st.stm32cube.ide.mcu.externaltools.gnu-tools-for-stm32.10.3-2021.10.win32_1.0.0.202111181127/tools/bin/../lib/gcc/arm-none-eabi/10.3.1/../../../../arm-none-eabi/lib/thumb/v7-m/nofp\libnosys.a
END GROUP
START GROUP
LOAD c:/st/stm32cubeide_1.9.0/stm32cubeide/plugins/com.st.stm32cube.ide.mcu.externaltools.gnu-tools-for-stm32.10.3-2021.10.win32_1.0.0.202111181127/tools/bin/../lib/gcc/arm-none-eabi/10.3.1/thumb/v7-m/nofp\libgcc.a
LOAD c:/st/stm32cubeide_1.9.0/stm32cubeide/plugins/com.st.stm32cube.ide.mcu.externaltools.gnu-tools-for-stm32.10.3-2021.10.win32_1.0.0.202111181127/tools/bin/../lib/gcc/arm-none-eabi/10.3.1/../../../../arm-none-eabi/lib/thumb/v7-m/nofp\libc_nano.a
LOAD c:/st/stm32cubeide_1.9.0/stm32cubeide/plugins/com.st.stm32cube.ide.mcu.externaltools.gnu-tools-for-stm32.10.3-2021.10.win32_1.0.0.202111181127/tools/bin/../lib/gcc/arm-none-eabi/10.3.1/../../../../arm-none-eabi/lib/thumb/v7-m/nofp\libnosys.a
END GROUP
LOAD c:/st/stm32cubeide_1.9.0/stm32cubeide/plugins/com.st.stm32cube.ide.mcu.externaltools.gnu-tools-for-stm32.10.3-2021.10.win32_1.0.0.202111181127/tools/bin/../lib/gcc/arm-none-eabi/10.3.1/thumb/v7-m/nofp/crtend.o
LOAD c:/st/stm32cubeide_1.9.0/stm32cubeide/plugins/com.st.stm32cube.ide.mcu.externaltools.gnu-tools-for-stm32.10.3-2021.10.win32_1.0.0.202111181127/tools/bin/../lib/gcc/arm-none-eabi/10.3.1/thumb/v7-m/nofp/crtn.o
                0x0000000020005000                _estack = (ORIGIN (RAM) + LENGTH (RAM))
                0x0000000000000200                _Min_Heap_Size = 0x200
                0x0000000000000400                _Min_Stack_Size = 0x400

.isr_vector     0x0000000008000000      0x130
                0x0000000008000000                . = ALIGN (0x4)
 *(.isr_vector)
 .isr_vector    0x0000000008000000      0x130 ./Startup/startup_stm32f103c8tx.o
                0x0000000008000000                g_pfnVectors
                0x0000000008000130                . = ALIGN (0x4)

.text           0x0000000008000130     0x4e40
                0x0000000008000130                . = ALIGN (0x4)
 *(.text)
 .text          0x0000000008000130       0x40 c:/st/stm32cubeide_1.9.0/stm32cubeide/plugins/com.st.stm32cube.ide.mcu.externaltools.gnu-tools-for-stm32.10.3-2021.10.win32_1.0.0.202111181127/tools/bin/../lib/gcc/arm-none-eabi/10.3.1/thumb/v7-m/nofp/crtbegin.o
 .text          0x0000000008000170      0x378 c:/st/stm32cubeide_1.9.0/stm32cubeide/plugins/com.st.stm32cube.ide.mcu.externaltools.gnu-tools-for-stm32.10.3-2021.10.win32_1.0.0.202111181127/tools/bin/../lib/gcc/arm-none-eabi/10.3.1/thumb/v7-m/nofp\libgcc.a(_arm_addsubdf3.o)
                0x0000000008000170                __aeabi_drsub
                0x0000000008000178                __aeabi_dsub
                0x0000000008000178                __subdf3
                0x000000000800017c                __aeabi_dadd
                0x000000000800017c                __adddf3
                0x00000000080003f4                __floatunsidf
                0x00000000080003f4                __aeabi_ui2d
                0x0000000008000414                __floatsidf
                0x0000000008000414                __aeabi_i2d
                0x0000000008000438                __aeabi_f2d
                0x0000000008000438                __extendsfdf2
                0x000000000800047c                __floatundidf
                0x000000000800047c                __aeabi_ul2d
                0x000000000800048c                __floatdidf
                0x000000000800048c                __aeabi_l2d
 .text          0x00000000080004e8      0x424 c:/st/stm32cubeide_1.9.0/stm32cubeide/plugins/com.st.stm32cube.ide.mcu.externaltools.gnu-tools-for-stm32.10.3-2021.10.win32_1.0.0.202111181127/tools/bin/../lib/gcc/arm-none-eabi/10.3.1/thumb/v7-m/nofp\libgcc.a(_arm_muldivdf3.o)
                0x00000000080004e8                __aeabi_dmul
                0x00000000080004e8                __muldf3
                0x000000000800073c                __divdf3
                0x000000000800073c                __aeabi_ddiv
 .text          0x000000000800090c       0xa0 c:/st/stm32cubeide_1.9.0/stm32cubeide/plugins/com.st.stm32cube.ide.mcu.externaltools.gnu-tools-for-stm32.10.3-2021.10.win32_1.0.0.202111181127/tools/bin/../lib/gcc/arm-none-eabi/10.3.1/thumb/v7-m/nofp\libgcc.a(_arm_truncdfsf2.o)
                0x000000000800090c                __truncdfsf2
                0x000000000800090c                __aeabi_d2f
 .text          0x00000000080009ac      0x21c c:/st/stm32cubeide_1.9.0/stm32cubeide/plugins/com.st.stm32cube.ide.mcu.externaltools.gnu-tools-for-stm32.10.3-2021.10.win32_1.0.0.202111181127/tools/bin/../lib/gcc/arm-none-eabi/10.3.1/thumb/v7-m/nofp\libgcc.a(_arm_addsubsf3.o)
                0x00000000080009ac                __aeabi_frsub
                0x00000000080009b4                __subsf3
                0x00000000080009b4                __aeabi_fsub
                0x00000000080009b8                __aeabi_fadd
                0x00000000080009b8                __addsf3
                0x0000000008000b18                __aeabi_ui2f
                0x0000000008000b18                __floatunsisf
                0x0000000008000b20                __aeabi_i2f
                0x0000000008000b20                __floatsisf
                0x0000000008000b3c                __aeabi_ul2f
                0x0000000008000b3c                __floatundisf
                0x0000000008000b4c                __aeabi_l2f
                0x0000000008000b4c                __floatdisf
 .text          0x0000000008000bc8      0x2a0 c:/st/stm32cubeide_1.9.0/stm32cubeide/plugins/com.st.stm32cube.ide.mcu.externaltools.gnu-tools-for-stm32.10.3-2021.10.win32_1.0.0.202111181127/tools/bin/../lib/gcc/arm-none-eabi/10.3.1/thumb/v7-m/nofp\libgcc.a(_arm_muldivsf3.o)
                0x0000000008000bc8                __mulsf3
                0x0000000008000bc8                __aeabi_fmul
                0x0000000008000d30                __aeabi_fdiv
                0x0000000008000d30                __divsf3
 .text          0x0000000008000e68       0x40 c:/st/stm32cubeide_1.9.0/stm32cubeide/plugins/com.st.stm32cube.ide.mcu.externaltools.gnu-tools-for-stm32.10.3-2021.10.win32_1.0.0.202111181127/tools/bin/../lib/gcc/arm-none-eabi/10.3.1/thumb/v7-m/nofp\libgcc.a(_arm_fixunssfsi.o)
                0x0000000008000e68                __fixunssfsi
                0x0000000008000e68                __aeabi_f2uiz
 .text          0x0000000008000ea8       0x30 c:/st/stm32cubeide_1.9.0/stm32cubeide/plugins/com.st.stm32cube.ide.mcu.externaltools.gnu-tools-for-stm32.10.3-2021.10.win32_1.0.0.202111181127/tools/bin/../lib/gcc/arm-none-eabi/10.3.1/thumb/v7-m/nofp\libgcc.a(_aeabi_uldivmod.o)
                0x0000000008000ea8                __aeabi_uldivmod
 .text          0x0000000008000ed8      0x2d4 c:/st/stm32cubeide_1.9.0/stm32cubeide/plugins/com.st.stm32cube.ide.mcu.externaltools.gnu-tools-for-stm32.10.3-2021.10.win32_1.0.0.202111181127/tools/bin/../lib/gcc/arm-none-eabi/10.3.1/thumb/v7-m/nofp\libgcc.a(_udivmoddi4.o)
                0x0000000008000ed8                __udivmoddi4
 .text          0x00000000080011ac        0x4 c:/st/stm32cubeide_1.9.0/stm32cubeide/plugins/com.st.stm32cube.ide.mcu.externaltools.gnu-tools-for-stm32.10.3-2021.10.win32_1.0.0.202111181127/tools/bin/../lib/gcc/arm-none-eabi/10.3.1/thumb/v7-m/nofp\libgcc.a(_dvmd_tls.o)
                0x00000000080011ac                __aeabi_idiv0
                0x00000000080011ac                __aeabi_ldiv0
 *(.text*)
 .text.MADC_vInit
                0x00000000080011b0       0xf4 ./Src/ADC_program.o
                0x00000000080011b0                MADC_vInit
 .text.MADC_vSelectChannel
                0x00000000080012a4       0x28 ./Src/ADC_program.o
                0x00000000080012a4                MADC_vSelectChannel
 .text.MADC_u16ConvertToDigital
                0x00000000080012cc       0x58 ./Src/ADC_program.o
                0x00000000080012cc                MADC_u16ConvertToDigital
 .text.MADC_vEnable
                0x0000000008001324       0x1c ./Src/ADC_program.o
                0x0000000008001324                MADC_vEnable
 .text.MAFIO_u8EXTIPortRemap
                0x0000000008001340       0x8c ./Src/AFIO_program.o
                0x0000000008001340                MAFIO_u8EXTIPortRemap
 .text.MAFIO_u8TIM3PortRemap
                0x00000000080013cc       0x48 ./Src/AFIO_program.o
                0x00000000080013cc                MAFIO_u8TIM3PortRemap
 .text.SCARKIT_voidInit
                0x0000000008001414       0x7e ./Src/CARKIT_program.o
                0x0000000008001414                SCARKIT_voidInit
 *fill*         0x0000000008001492        0x2 
 .text.SCARKIT_u8GetVoltageValue
                0x0000000008001494       0xa0 ./Src/CARKIT_program.o
                0x0000000008001494                SCARKIT_u8GetVoltageValue
 .text.SCARKIT_voidCarSpeed
                0x0000000008001534       0x74 ./Src/CARKIT_program.o
                0x0000000008001534                SCARKIT_voidCarSpeed
 .text.SCARKIT_voidCarDirection
                0x00000000080015a8      0x100 ./Src/CARKIT_program.o
                0x00000000080015a8                SCARKIT_voidCarDirection
 .text.MDMA_u8ClearFlag
                0x00000000080016a8       0x54 ./Src/DMA_program.o
 .text.DMA1_Channel1_IRQHandler
                0x00000000080016fc       0x3c ./Src/DMA_program.o
                0x00000000080016fc                DMA1_Channel1_IRQHandler
 .text.DMA1_Channel2_IRQHandler
                0x0000000008001738       0x3c ./Src/DMA_program.o
                0x0000000008001738                DMA1_Channel2_IRQHandler
 .text.DMA1_Channel3_IRQHandler
                0x0000000008001774       0x3c ./Src/DMA_program.o
                0x0000000008001774                DMA1_Channel3_IRQHandler
 .text.DMA1_Channel4_IRQHandler
                0x00000000080017b0       0x3c ./Src/DMA_program.o
                0x00000000080017b0                DMA1_Channel4_IRQHandler
 .text.DMA1_Channel5_IRQHandler
                0x00000000080017ec       0x3c ./Src/DMA_program.o
                0x00000000080017ec                DMA1_Channel5_IRQHandler
 .text.DMA1_Channel6_IRQHandler
                0x0000000008001828       0x3c ./Src/DMA_program.o
                0x0000000008001828                DMA1_Channel6_IRQHandler
 .text.DMA1_Channel7_IRQHandler
                0x0000000008001864       0x3c ./Src/DMA_program.o
                0x0000000008001864                DMA1_Channel7_IRQHandler
 .text.MEXTI_u8Config
                0x00000000080018a0      0x138 ./Src/EXTI_program.o
                0x00000000080018a0                MEXTI_u8Config
 .text.EXTI0_IRQHandler
                0x00000000080019d8       0x2c ./Src/EXTI_program.o
                0x00000000080019d8                EXTI0_IRQHandler
 .text.EXTI1_IRQHandler
                0x0000000008001a04       0x2c ./Src/EXTI_program.o
                0x0000000008001a04                EXTI1_IRQHandler
 .text.EXTI2_IRQHandler
                0x0000000008001a30       0x2c ./Src/EXTI_program.o
                0x0000000008001a30                EXTI2_IRQHandler
 .text.EXTI3_IRQHandler
                0x0000000008001a5c       0x2c ./Src/EXTI_program.o
                0x0000000008001a5c                EXTI3_IRQHandler
 .text.EXTI4_IRQHandler
                0x0000000008001a88       0x2c ./Src/EXTI_program.o
                0x0000000008001a88                EXTI4_IRQHandler
 .text.EXTI9_5_IRQHandler
                0x0000000008001ab4       0xd8 ./Src/EXTI_program.o
                0x0000000008001ab4                EXTI9_5_IRQHandler
 .text.EXTI15_10_IRQHandler
                0x0000000008001b8c      0x100 ./Src/EXTI_program.o
                0x0000000008001b8c                EXTI15_10_IRQHandler
 .text.MGPIO_u8SetPinDirection
                0x0000000008001c8c       0x9c ./Src/GPIO_program.o
                0x0000000008001c8c                MGPIO_u8SetPinDirection
 .text.MGPIO_u8SetPinValue
                0x0000000008001d28       0x7c ./Src/GPIO_program.o
                0x0000000008001d28                MGPIO_u8SetPinValue
 .text.MGPIO_u8TogPinValue
                0x0000000008001da4       0x58 ./Src/GPIO_program.o
                0x0000000008001da4                MGPIO_u8TogPinValue
 .text.MGPTIMER_u8CounterStatus
                0x0000000008001dfc       0x68 ./Src/GPTIMER_program.o
                0x0000000008001dfc                MGPTIMER_u8CounterStatus
 .text.MGPTIMER_u8SetPrescaler
                0x0000000008001e64       0x40 ./Src/GPTIMER_program.o
                0x0000000008001e64                MGPTIMER_u8SetPrescaler
 .text.MGPTIMER_u8SetAutoReload
                0x0000000008001ea4       0x3c ./Src/GPTIMER_program.o
                0x0000000008001ea4                MGPTIMER_u8SetAutoReload
 .text.MGPTIMER_u8SetChannelOutput
                0x0000000008001ee0      0x170 ./Src/GPTIMER_program.o
                0x0000000008001ee0                MGPTIMER_u8SetChannelOutput
 .text.MGPTIMER_u8SetCompareValue
                0x0000000008002050       0x4c ./Src/GPTIMER_program.o
                0x0000000008002050                MGPTIMER_u8SetCompareValue
 .text.MGPTIMER_u8ClearInterruptFlags
                0x000000000800209c       0x44 ./Src/GPTIMER_program.o
 .text.TIM2_IRQHandler
                0x00000000080020e0       0x20 ./Src/GPTIMER_program.o
                0x00000000080020e0                TIM2_IRQHandler
 .text.TIM3_IRQHandler
                0x0000000008002100       0x20 ./Src/GPTIMER_program.o
                0x0000000008002100                TIM3_IRQHandler
 .text.TIM4_IRQHandler
                0x0000000008002120       0x20 ./Src/GPTIMER_program.o
                0x0000000008002120                TIM4_IRQHandler
 .text.TIM5_IRQHandler
                0x0000000008002140       0x20 ./Src/GPTIMER_program.o
                0x0000000008002140                TIM5_IRQHandler
 .text.SGUI_voidInit
                0x0000000008002160        0xc ./Src/GUI_program.o
                0x0000000008002160                SGUI_voidInit
 .text.SGUI_voidMainFrame
                0x000000000800216c       0xb8 ./Src/GUI_program.o
                0x000000000800216c                SGUI_voidMainFrame
 .text.SGUI_voidUpdateSpeed
                0x0000000008002224      0x104 ./Src/GUI_program.o
                0x0000000008002224                SGUI_voidUpdateSpeed
 .text.SGUI_voidUpdateDirection
                0x0000000008002328      0x150 ./Src/GUI_program.o
                0x0000000008002328                SGUI_voidUpdateDirection
 .text.SGUI_voidUpdateBattaryVolt
                0x0000000008002478      0x20a ./Src/GUI_program.o
                0x0000000008002478                SGUI_voidUpdateBattaryVolt
 *fill*         0x0000000008002682        0x2 
 .text.SGUI_voidV2IStopSign
                0x0000000008002684       0x48 ./Src/GUI_program.o
                0x0000000008002684                SGUI_voidV2IStopSign
 .text.SGUI_voidV2ISpeedSign
                0x00000000080026cc       0xbc ./Src/GUI_program.o
                0x00000000080026cc                SGUI_voidV2ISpeedSign
 .text.SGUI_voidV2ITrafficSign
                0x0000000008002788      0x184 ./Src/GUI_program.o
                0x0000000008002788                SGUI_voidV2ITrafficSign
 .text.SGUI_voidV2PPedestrian
                0x000000000800290c       0x5c ./Src/GUI_program.o
                0x000000000800290c                SGUI_voidV2PPedestrian
 .text.SGUI_voidV2GBattaryLimit
                0x0000000008002968      0x268 ./Src/GUI_program.o
                0x0000000008002968                SGUI_voidV2GBattaryLimit
 .text.SGUI_voidV2GStartEnd
                0x0000000008002bd0       0xc8 ./Src/GUI_program.o
                0x0000000008002bd0                SGUI_voidV2GStartEnd
 .text.MNVIC_u8EnableInterrupt
                0x0000000008002c98       0x64 ./Src/NVIC_program.o
                0x0000000008002c98                MNVIC_u8EnableInterrupt
 .text.MRCC_u8SetClockState
                0x0000000008002cfc      0x12c ./Src/RCC_program.o
                0x0000000008002cfc                MRCC_u8SetClockState
 .text.MRCC_u8SetSystemClock
                0x0000000008002e28       0x44 ./Src/RCC_program.o
                0x0000000008002e28                MRCC_u8SetSystemClock
 .text.MRCC_u8APB1PeripheralsClockState
                0x0000000008002e6c       0x60 ./Src/RCC_program.o
                0x0000000008002e6c                MRCC_u8APB1PeripheralsClockState
 .text.MRCC_u8APB2PeripheralsClockState
                0x0000000008002ecc       0x60 ./Src/RCC_program.o
                0x0000000008002ecc                MRCC_u8APB2PeripheralsClockState
 .text.MRCC_u8PeripheralsClockState
                0x0000000008002f2c       0xdc ./Src/RCC_program.o
                0x0000000008002f2c                MRCC_u8PeripheralsClockState
 .text.MSPI_u8SetConfiguration
                0x0000000008003008      0x1a4 ./Src/SPI_program.o
                0x0000000008003008                MSPI_u8SetConfiguration
 .text.MSPI_u8SendReceiveSynch
                0x00000000080031ac       0x8c ./Src/SPI_program.o
                0x00000000080031ac                MSPI_u8SendReceiveSynch
 .text.SPI1_IRQHandler
                0x0000000008003238       0x28 ./Src/SPI_program.o
                0x0000000008003238                SPI1_IRQHandler
 .text.SPI2_IRQHandler
                0x0000000008003260       0x28 ./Src/SPI_program.o
                0x0000000008003260                SPI2_IRQHandler
 .text.SPI3_IRQHandler
                0x0000000008003288       0x28 ./Src/SPI_program.o
                0x0000000008003288                SPI3_IRQHandler
 .text.MSTK_u8ClockConfig
                0x00000000080032b0       0x48 ./Src/STK_program.o
                0x00000000080032b0                MSTK_u8ClockConfig
 .text.MSTK_voidStopTimer
                0x00000000080032f8       0x28 ./Src/STK_program.o
                0x00000000080032f8                MSTK_voidStopTimer
 .text.SysTick_Handler
                0x0000000008003320       0x44 ./Src/STK_program.o
                0x0000000008003320                SysTick_Handler
 .text.HTFT_voidInit
                0x0000000008003364       0xe4 ./Src/TFT_program.o
                0x0000000008003364                HTFT_voidInit
 .text.HTFT_u8FillColor
                0x0000000008003448       0x86 ./Src/TFT_program.o
                0x0000000008003448                HTFT_u8FillColor
 .text.HTFT_u8DrawRectangle
                0x00000000080034ce       0xd8 ./Src/TFT_program.o
                0x00000000080034ce                HTFT_u8DrawRectangle
 *fill*         0x00000000080035a6        0x2 
 .text.HTFT_u8DrawChar
                0x00000000080035a8       0xd4 ./Src/TFT_program.o
                0x00000000080035a8                HTFT_u8DrawChar
 .text.HTFT_u8DrawText
                0x000000000800367c       0x6e ./Src/TFT_program.o
                0x000000000800367c                HTFT_u8DrawText
 .text.HTFT_u8DrawFrameu16
                0x00000000080036ea       0xbc ./Src/TFT_program.o
                0x00000000080036ea                HTFT_u8DrawFrameu16
 .text.HTFT_voidWriteData
                0x00000000080037a6       0x2a ./Src/TFT_program.o
 .text.HTFT_voidWriteCommand
                0x00000000080037d0       0x2a ./Src/TFT_program.o
 .text.STIMERS_voidDelayMS
                0x00000000080037fa       0x32 ./Src/TIMERS_program.o
                0x00000000080037fa                STIMERS_voidDelayMS
 .text.STIMERS_voidDelayUS
                0x000000000800382c       0x2a ./Src/TIMERS_program.o
                0x000000000800382c                STIMERS_voidDelayUS
 *fill*         0x0000000008003856        0x2 
 .text.STIMERS_u8GeneratePWM
                0x0000000008003858       0xcc ./Src/TIMERS_program.o
                0x0000000008003858                STIMERS_u8GeneratePWM
 .text.MUSART_u8SetConfiguration
                0x0000000008003924      0x3e8 ./Src/USART_program.o
                0x0000000008003924                MUSART_u8SetConfiguration
 .text.MUSART_u8UsartStatus
                0x0000000008003d0c       0x58 ./Src/USART_program.o
                0x0000000008003d0c                MUSART_u8UsartStatus
 .text.MUSART_u8ReceiveCharSynch
                0x0000000008003d64       0x6c ./Src/USART_program.o
                0x0000000008003d64                MUSART_u8ReceiveCharSynch
 .text.MUSART_u8ReceiveCharNonBlocking
                0x0000000008003dd0       0x90 ./Src/USART_program.o
                0x0000000008003dd0                MUSART_u8ReceiveCharNonBlocking
 .text.MUSART_u8ReceiveArraySynch
                0x0000000008003e60       0x4e ./Src/USART_program.o
                0x0000000008003e60                MUSART_u8ReceiveArraySynch
 .text.MUSART_u8ReceiveArrayNonBlocking
                0x0000000008003eae       0x62 ./Src/USART_program.o
                0x0000000008003eae                MUSART_u8ReceiveArrayNonBlocking
 .text.MUSART_u8TransmitCharSynch
                0x0000000008003f10       0x78 ./Src/USART_program.o
                0x0000000008003f10                MUSART_u8TransmitCharSynch
 .text.MUSART_u8TransmitArraySynch
                0x0000000008003f88       0x50 ./Src/USART_program.o
                0x0000000008003f88                MUSART_u8TransmitArraySynch
 .text.MUSART_voidClearFlags
                0x0000000008003fd8       0x24 ./Src/USART_program.o
                0x0000000008003fd8                MUSART_voidClearFlags
 .text.MUSART_u8ReceiveCharNonSynch
                0x0000000008003ffc       0x38 ./Src/USART_program.o
                0x0000000008003ffc                MUSART_u8ReceiveCharNonSynch
 .text.USART1_IRQHandler
                0x0000000008004034       0x30 ./Src/USART_program.o
                0x0000000008004034                USART1_IRQHandler
 .text.USART2_IRQHandler
                0x0000000008004064       0x30 ./Src/USART_program.o
                0x0000000008004064                USART2_IRQHandler
 .text.USART3_IRQHandler
                0x0000000008004094       0x30 ./Src/USART_program.o
                0x0000000008004094                USART3_IRQHandler
 .text.V2G_u8PlugCable
                0x00000000080040c4       0x78 ./Src/V2G_program.o
                0x00000000080040c4                V2G_u8PlugCable
 .text.V2G_u8Identification
                0x000000000800413c       0x9c ./Src/V2G_program.o
                0x000000000800413c                V2G_u8Identification
 .text.V2G_u8ChargeParameter
                0x00000000080041d8       0xac ./Src/V2G_program.o
                0x00000000080041d8                V2G_u8ChargeParameter
 .text.V2G_u8ChargingCost
                0x0000000008004284       0x7c ./Src/V2G_program.o
                0x0000000008004284                V2G_u8ChargingCost
 .text.V2G_voidStartCharging
                0x0000000008004300       0x68 ./Src/V2G_program.o
                0x0000000008004300                V2G_voidStartCharging
 .text.V2G_voidEndCharging
                0x0000000008004368       0x68 ./Src/V2G_program.o
                0x0000000008004368                V2G_voidEndCharging
 .text.V2G_voidSendEnergyAmount
                0x00000000080043d0       0x9c ./Src/V2G_program.o
                0x00000000080043d0                V2G_voidSendEnergyAmount
 .text.USART1_voidCallBackFunc
                0x000000000800446c      0x23c ./Src/main.o
                0x000000000800446c                USART1_voidCallBackFunc
 .text.V2X_voidCheckIorP
                0x00000000080046a8       0x36 ./Src/main.o
                0x00000000080046a8                V2X_voidCheckIorP
 *fill*         0x00000000080046de        0x2 
 .text.USART2_voidCallBackFunc
                0x00000000080046e0      0x264 ./Src/main.o
                0x00000000080046e0                USART2_voidCallBackFunc
 .text.V2X_voidSpecialVehicle
                0x0000000008004944       0x36 ./Src/main.o
                0x0000000008004944                V2X_voidSpecialVehicle
 *fill*         0x000000000800497a        0x2 
 .text.EXTI_voidPB15CallBack
                0x000000000800497c       0x20 ./Src/main.o
                0x000000000800497c                EXTI_voidPB15CallBack
 .text.EXTI_voidPB14CallBack
                0x000000000800499c       0xe0 ./Src/main.o
                0x000000000800499c                EXTI_voidPB14CallBack
 .text.EXTI_voidPB13CallBack
                0x0000000008004a7c       0x9c ./Src/main.o
                0x0000000008004a7c                EXTI_voidPB13CallBack
 .text.main     0x0000000008004b18      0x394 ./Src/main.o
                0x0000000008004b18                main
 .text.Reset_Handler
                0x0000000008004eac       0x50 ./Startup/startup_stm32f103c8tx.o
                0x0000000008004eac                Reset_Handler
 .text.Default_Handler
                0x0000000008004efc        0x2 ./Startup/startup_stm32f103c8tx.o
                0x0000000008004efc                TIM8_TRG_COM_IRQHandler
                0x0000000008004efc                TIM8_CC_IRQHandler
                0x0000000008004efc                DebugMon_Handler
                0x0000000008004efc                TIM1_CC_IRQHandler
                0x0000000008004efc                HardFault_Handler
                0x0000000008004efc                TIM6_IRQHandler
                0x0000000008004efc                PVD_IRQHandler
                0x0000000008004efc                SDIO_IRQHandler
                0x0000000008004efc                PendSV_Handler
                0x0000000008004efc                NMI_Handler
                0x0000000008004efc                USB_HP_CAN_TX_IRQHandler
                0x0000000008004efc                I2C2_EV_IRQHandler
                0x0000000008004efc                UsageFault_Handler
                0x0000000008004efc                ADC1_2_IRQHandler
                0x0000000008004efc                CAN_SCE_IRQHandler
                0x0000000008004efc                TAMPER_IRQHandler
                0x0000000008004efc                TIM8_UP_IRQHandler
                0x0000000008004efc                DMA2_Channel2_IRQHandler
                0x0000000008004efc                RTC_IRQHandler
                0x0000000008004efc                UART5_IRQHandler
                0x0000000008004efc                ADC3_IRQHandler
                0x0000000008004efc                CAN_RX1_IRQHandler
                0x0000000008004efc                DMA2_Channel1_IRQHandler
                0x0000000008004efc                I2C1_EV_IRQHandler
                0x0000000008004efc                UART4_IRQHandler
                0x0000000008004efc                RCC_IRQHandler
                0x0000000008004efc                TIM1_TRG_COM_IRQHandler
                0x0000000008004efc                Default_Handler
                0x0000000008004efc                TIM7_IRQHandler
                0x0000000008004efc                USB_LP_CAN_RX0_IRQHandler
                0x0000000008004efc                MemManage_Handler
                0x0000000008004efc                SVC_Handler
                0x0000000008004efc                FSMC_IRQHandler
                0x0000000008004efc                TIM1_UP_IRQHandler
                0x0000000008004efc                WWDG_IRQHandler
                0x0000000008004efc                TIM1_BRK_IRQHandler
                0x0000000008004efc                RTCAlarm_IRQHandler
                0x0000000008004efc                DMA2_Channel4_5_IRQHandler
                0x0000000008004efc                I2C2_ER_IRQHandler
                0x0000000008004efc                TIM8_BRK_IRQHandler
                0x0000000008004efc                FLASH_IRQHandler
                0x0000000008004efc                BusFault_Handler
                0x0000000008004efc                I2C1_ER_IRQHandler
                0x0000000008004efc                DMA2_Channel3_IRQHandler
 *fill*         0x0000000008004efe        0x2 
 .text.__libc_init_array
                0x0000000008004f00       0x48 c:/st/stm32cubeide_1.9.0/stm32cubeide/plugins/com.st.stm32cube.ide.mcu.externaltools.gnu-tools-for-stm32.10.3-2021.10.win32_1.0.0.202111181127/tools/bin/../lib/gcc/arm-none-eabi/10.3.1/../../../../arm-none-eabi/lib/thumb/v7-m/nofp\libc_nano.a(lib_a-init.o)
                0x0000000008004f00                __libc_init_array
 .text.memset   0x0000000008004f48       0x10 c:/st/stm32cubeide_1.9.0/stm32cubeide/plugins/com.st.stm32cube.ide.mcu.externaltools.gnu-tools-for-stm32.10.3-2021.10.win32_1.0.0.202111181127/tools/bin/../lib/gcc/arm-none-eabi/10.3.1/../../../../arm-none-eabi/lib/thumb/v7-m/nofp\libc_nano.a(lib_a-memset.o)
                0x0000000008004f48                memset
 *(.glue_7)
 .glue_7        0x0000000008004f58        0x0 linker stubs
 *(.glue_7t)
 .glue_7t       0x0000000008004f58        0x0 linker stubs
 *(.eh_frame)
 .eh_frame      0x0000000008004f58        0x0 c:/st/stm32cubeide_1.9.0/stm32cubeide/plugins/com.st.stm32cube.ide.mcu.externaltools.gnu-tools-for-stm32.10.3-2021.10.win32_1.0.0.202111181127/tools/bin/../lib/gcc/arm-none-eabi/10.3.1/thumb/v7-m/nofp/crtbegin.o
 *(.init)
 .init          0x0000000008004f58        0x4 c:/st/stm32cubeide_1.9.0/stm32cubeide/plugins/com.st.stm32cube.ide.mcu.externaltools.gnu-tools-for-stm32.10.3-2021.10.win32_1.0.0.202111181127/tools/bin/../lib/gcc/arm-none-eabi/10.3.1/thumb/v7-m/nofp/crti.o
                0x0000000008004f58                _init
 .init          0x0000000008004f5c        0x8 c:/st/stm32cubeide_1.9.0/stm32cubeide/plugins/com.st.stm32cube.ide.mcu.externaltools.gnu-tools-for-stm32.10.3-2021.10.win32_1.0.0.202111181127/tools/bin/../lib/gcc/arm-none-eabi/10.3.1/thumb/v7-m/nofp/crtn.o
 *(.fini)
 .fini          0x0000000008004f64        0x4 c:/st/stm32cubeide_1.9.0/stm32cubeide/plugins/com.st.stm32cube.ide.mcu.externaltools.gnu-tools-for-stm32.10.3-2021.10.win32_1.0.0.202111181127/tools/bin/../lib/gcc/arm-none-eabi/10.3.1/thumb/v7-m/nofp/crti.o
                0x0000000008004f64                _fini
 .fini          0x0000000008004f68        0x8 c:/st/stm32cubeide_1.9.0/stm32cubeide/plugins/com.st.stm32cube.ide.mcu.externaltools.gnu-tools-for-stm32.10.3-2021.10.win32_1.0.0.202111181127/tools/bin/../lib/gcc/arm-none-eabi/10.3.1/thumb/v7-m/nofp/crtn.o
                0x0000000008004f70                . = ALIGN (0x4)
                0x0000000008004f70                _etext = .

.vfp11_veneer   0x0000000008004f70        0x0
 .vfp11_veneer  0x0000000008004f70        0x0 linker stubs

.v4_bx          0x0000000008004f70        0x0
 .v4_bx         0x0000000008004f70        0x0 linker stubs

.iplt           0x0000000008004f70        0x0
 .iplt          0x0000000008004f70        0x0 c:/st/stm32cubeide_1.9.0/stm32cubeide/plugins/com.st.stm32cube.ide.mcu.externaltools.gnu-tools-for-stm32.10.3-2021.10.win32_1.0.0.202111181127/tools/bin/../lib/gcc/arm-none-eabi/10.3.1/thumb/v7-m/nofp/crtbegin.o

.rodata         0x0000000008004f70      0x4c4
                0x0000000008004f70                . = ALIGN (0x4)
 *(.rodata)
 .rodata        0x0000000008004f70      0x1ec ./Src/GUI_program.o
 .rodata        0x000000000800515c        0xf ./Src/TFT_program.o
 *fill*         0x000000000800516b        0x1 
 .rodata        0x000000000800516c       0x16 ./Src/V2G_program.o
 *fill*         0x0000000008005182        0x2 
 .rodata        0x0000000008005184       0x48 ./Src/main.o
 *(.rodata*)
 .rodata.Char_Au8Array
                0x00000000080051cc      0x268 ./Src/TFT_program.o
                0x0000000008005434                . = ALIGN (0x4)

.ARM.extab      0x0000000008005434        0x0
                0x0000000008005434                . = ALIGN (0x4)
 *(.ARM.extab* .gnu.linkonce.armextab.*)
                0x0000000008005434                . = ALIGN (0x4)

.ARM            0x0000000008005434        0x8
                0x0000000008005434                . = ALIGN (0x4)
                0x0000000008005434                __exidx_start = .
 *(.ARM.exidx*)
 .ARM.exidx     0x0000000008005434        0x8 c:/st/stm32cubeide_1.9.0/stm32cubeide/plugins/com.st.stm32cube.ide.mcu.externaltools.gnu-tools-for-stm32.10.3-2021.10.win32_1.0.0.202111181127/tools/bin/../lib/gcc/arm-none-eabi/10.3.1/thumb/v7-m/nofp\libgcc.a(_udivmoddi4.o)
                0x000000000800543c                __exidx_end = .
                0x000000000800543c                . = ALIGN (0x4)

.rel.dyn        0x000000000800543c        0x0
 .rel.iplt      0x000000000800543c        0x0 c:/st/stm32cubeide_1.9.0/stm32cubeide/plugins/com.st.stm32cube.ide.mcu.externaltools.gnu-tools-for-stm32.10.3-2021.10.win32_1.0.0.202111181127/tools/bin/../lib/gcc/arm-none-eabi/10.3.1/thumb/v7-m/nofp/crtbegin.o

.preinit_array  0x000000000800543c        0x0
                0x000000000800543c                . = ALIGN (0x4)
                0x000000000800543c                PROVIDE (__preinit_array_start = .)
 *(.preinit_array*)
                0x000000000800543c                PROVIDE (__preinit_array_end = .)
                0x000000000800543c                . = ALIGN (0x4)

.init_array     0x000000000800543c        0x4
                0x000000000800543c                . = ALIGN (0x4)
                0x000000000800543c                PROVIDE (__init_array_start = .)
 *(SORT_BY_NAME(.init_array.*))
 *(.init_array*)
 .init_array    0x000000000800543c        0x4 c:/st/stm32cubeide_1.9.0/stm32cubeide/plugins/com.st.stm32cube.ide.mcu.externaltools.gnu-tools-for-stm32.10.3-2021.10.win32_1.0.0.202111181127/tools/bin/../lib/gcc/arm-none-eabi/10.3.1/thumb/v7-m/nofp/crtbegin.o
                0x0000000008005440                PROVIDE (__init_array_end = .)
                0x0000000008005440                . = ALIGN (0x4)

.fini_array     0x0000000008005440        0x4
                0x0000000008005440                . = ALIGN (0x4)
                [!provide]                        PROVIDE (__fini_array_start = .)
 *(SORT_BY_NAME(.fini_array.*))
 *(.fini_array*)
 .fini_array    0x0000000008005440        0x4 c:/st/stm32cubeide_1.9.0/stm32cubeide/plugins/com.st.stm32cube.ide.mcu.externaltools.gnu-tools-for-stm32.10.3-2021.10.win32_1.0.0.202111181127/tools/bin/../lib/gcc/arm-none-eabi/10.3.1/thumb/v7-m/nofp/crtbegin.o
                [!provide]                        PROVIDE (__fini_array_end = .)
                0x0000000008005444                . = ALIGN (0x4)
                0x0000000008005444                _sidata = LOADADDR (.data)

.data           0x0000000020000000       0x50 load address 0x0000000008005444
                0x0000000020000000                . = ALIGN (0x4)
                0x0000000020000000                _sdata = .
 *(.data)
 *(.data*)
 .data.Local_floatR1
                0x0000000020000000        0x4 ./Src/CARKIT_program.o
 .data.Local_floatR2
                0x0000000020000004        0x4 ./Src/CARKIT_program.o
 .data.Local_floatRefVoltage
                0x0000000020000008        0x4 ./Src/CARKIT_program.o
 .data.GPIO_Ports
                0x000000002000000c        0xc ./Src/GPIO_program.o
 .data.GPTIMER_Index
                0x0000000020000018       0x10 ./Src/GPTIMER_program.o
 .data.SPI_Index
                0x0000000020000028        0xc ./Src/SPI_program.o
 .data.STK_u8IntervalType
                0x0000000020000034        0x1 ./Src/STK_program.o
 *fill*         0x0000000020000035        0x3 
 .data.USART_Index
                0x0000000020000038       0x14 ./Src/USART_program.o
 .data.Global_u8PreviousNotAckORSignID
                0x000000002000004c        0x1 ./Src/main.o
                0x000000002000004c                Global_u8PreviousNotAckORSignID
 .data.Global_u8GUITrafficSignFlag
                0x000000002000004d        0x1 ./Src/main.o
                0x000000002000004d                Global_u8GUITrafficSignFlag
 .data.Global_u8SpeedValue
                0x000000002000004e        0x1 ./Src/main.o
                0x000000002000004e                Global_u8SpeedValue
 .data.Global_u8InitVoltage
                0x000000002000004f        0x1 ./Src/main.o
                0x000000002000004f                Global_u8InitVoltage
 *(.RamFunc)
 *(.RamFunc*)
                0x0000000020000050                . = ALIGN (0x4)
                0x0000000020000050                _edata = .

.igot.plt       0x0000000020000050        0x0 load address 0x0000000008005494
 .igot.plt      0x0000000020000050        0x0 c:/st/stm32cubeide_1.9.0/stm32cubeide/plugins/com.st.stm32cube.ide.mcu.externaltools.gnu-tools-for-stm32.10.3-2021.10.win32_1.0.0.202111181127/tools/bin/../lib/gcc/arm-none-eabi/10.3.1/thumb/v7-m/nofp/crtbegin.o
                0x0000000020000050                . = ALIGN (0x4)

.bss            0x0000000020000050       0xc0 load address 0x0000000008005494
                0x0000000020000050                _sbss = .
                0x0000000020000050                __bss_start__ = _sbss
 *(.bss)
 .bss           0x0000000020000050       0x1c c:/st/stm32cubeide_1.9.0/stm32cubeide/plugins/com.st.stm32cube.ide.mcu.externaltools.gnu-tools-for-stm32.10.3-2021.10.win32_1.0.0.202111181127/tools/bin/../lib/gcc/arm-none-eabi/10.3.1/thumb/v7-m/nofp/crtbegin.o
 *(.bss*)
 .bss.Local_floatAdcVoltage
                0x000000002000006c        0x4 ./Src/CARKIT_program.o
 .bss.Local_floatInVoltage
                0x0000000020000070        0x4 ./Src/CARKIT_program.o
 .bss.Local_intAdcValue
                0x0000000020000074        0x4 ./Src/CARKIT_program.o
 .bss.DMA_ApfChannelCallBack
                0x0000000020000078       0x1c ./Src/DMA_program.o
 .bss.EXTI_ApfCallBack
                0x0000000020000094       0x40 ./Src/EXTI_program.o
 .bss.GPTIMER_ApfCallBack
                0x00000000200000d4       0x10 ./Src/GPTIMER_program.o
 .bss.SPI_ApFunCallBack
                0x00000000200000e4        0xc ./Src/SPI_program.o
 .bss.SysTick_CallBack
                0x00000000200000f0        0x4 ./Src/STK_program.o
 .bss.USART_ApfCallBack
                0x00000000200000f4       0x14 ./Src/USART_program.o
 .bss.Global_u8FoundFlag
                0x0000000020000108        0x1 ./Src/main.o
                0x0000000020000108                Global_u8FoundFlag
 .bss.Global_u8ReceiveFlag
                0x0000000020000109        0x1 ./Src/main.o
                0x0000000020000109                Global_u8ReceiveFlag
 .bss.Global_u8GuiSignFlag
                0x000000002000010a        0x1 ./Src/main.o
                0x000000002000010a                Global_u8GuiSignFlag
 .bss.Global_u8GuiFristSignFlag
                0x000000002000010b        0x1 ./Src/main.o
                0x000000002000010b                Global_u8GuiFristSignFlag
 .bss.Global_u8SpecialVehicleFlag
                0x000000002000010c        0x1 ./Src/main.o
                0x000000002000010c                Global_u8SpecialVehicleFlag
 .bss.Global_u8BluetoothPreviousAction
                0x000000002000010d        0x1 ./Src/main.o
                0x000000002000010d                Global_u8BluetoothPreviousAction
 .bss.Global_u8StartCounter
                0x000000002000010e        0x1 ./Src/main.o
                0x000000002000010e                Global_u8StartCounter
 .bss.Global_u8ModeFlag
                0x000000002000010f        0x1 ./Src/main.o
                0x000000002000010f                Global_u8ModeFlag
 *(COMMON)
                0x0000000020000110                . = ALIGN (0x4)
                0x0000000020000110                _ebss = .
                0x0000000020000110                __bss_end__ = _ebss

._user_heap_stack
                0x0000000020000110      0x600 load address 0x0000000008005494
                0x0000000020000110                . = ALIGN (0x8)
                [!provide]                        PROVIDE (end = .)
                0x0000000020000110                PROVIDE (_end = .)
                0x0000000020000310                . = (. + _Min_Heap_Size)
 *fill*         0x0000000020000110      0x200 
                0x0000000020000710                . = (. + _Min_Stack_Size)
 *fill*         0x0000000020000310      0x400 
                0x0000000020000710                . = ALIGN (0x8)

/DISCARD/
 libc.a(*)
 libm.a(*)
 libgcc.a(*)

.ARM.attributes
                0x0000000000000000       0x29
 *(.ARM.attributes)
 .ARM.attributes
                0x0000000000000000       0x1d c:/st/stm32cubeide_1.9.0/stm32cubeide/plugins/com.st.stm32cube.ide.mcu.externaltools.gnu-tools-for-stm32.10.3-2021.10.win32_1.0.0.202111181127/tools/bin/../lib/gcc/arm-none-eabi/10.3.1/thumb/v7-m/nofp/crti.o
 .ARM.attributes
                0x000000000000001d       0x2d c:/st/stm32cubeide_1.9.0/stm32cubeide/plugins/com.st.stm32cube.ide.mcu.externaltools.gnu-tools-for-stm32.10.3-2021.10.win32_1.0.0.202111181127/tools/bin/../lib/gcc/arm-none-eabi/10.3.1/thumb/v7-m/nofp/crtbegin.o
 .ARM.attributes
                0x000000000000004a       0x2d ./Src/ADC_program.o
 .ARM.attributes
                0x0000000000000077       0x2d ./Src/AFIO_program.o
 .ARM.attributes
                0x00000000000000a4       0x2d ./Src/CARKIT_program.o
 .ARM.attributes
                0x00000000000000d1       0x2d ./Src/DMA_program.o
 .ARM.attributes
                0x00000000000000fe       0x2d ./Src/EXTI_program.o
 .ARM.attributes
                0x000000000000012b       0x2d ./Src/GPIO_program.o
 .ARM.attributes
                0x0000000000000158       0x2d ./Src/GPTIMER_program.o
 .ARM.attributes
                0x0000000000000185       0x2d ./Src/GUI_program.o
 .ARM.attributes
                0x00000000000001b2       0x2d ./Src/NVIC_program.o
 .ARM.attributes
                0x00000000000001df       0x2d ./Src/RCC_program.o
 .ARM.attributes
                0x000000000000020c       0x2d ./Src/SPI_program.o
 .ARM.attributes
                0x0000000000000239       0x2d ./Src/STK_program.o
 .ARM.attributes
                0x0000000000000266       0x2d ./Src/TFT_program.o
 .ARM.attributes
                0x0000000000000293       0x2d ./Src/TIMERS_program.o
 .ARM.attributes
                0x00000000000002c0       0x2d ./Src/USART_program.o
 .ARM.attributes
                0x00000000000002ed       0x2d ./Src/V2G_program.o
 .ARM.attributes
                0x000000000000031a       0x2d ./Src/main.o
 .ARM.attributes
                0x0000000000000347       0x21 ./Startup/startup_stm32f103c8tx.o
 .ARM.attributes
                0x0000000000000368       0x2d c:/st/stm32cubeide_1.9.0/stm32cubeide/plugins/com.st.stm32cube.ide.mcu.externaltools.gnu-tools-for-stm32.10.3-2021.10.win32_1.0.0.202111181127/tools/bin/../lib/gcc/arm-none-eabi/10.3.1/../../../../arm-none-eabi/lib/thumb/v7-m/nofp\libc_nano.a(lib_a-init.o)
 .ARM.attributes
                0x0000000000000395       0x2d c:/st/stm32cubeide_1.9.0/stm32cubeide/plugins/com.st.stm32cube.ide.mcu.externaltools.gnu-tools-for-stm32.10.3-2021.10.win32_1.0.0.202111181127/tools/bin/../lib/gcc/arm-none-eabi/10.3.1/../../../../arm-none-eabi/lib/thumb/v7-m/nofp\libc_nano.a(lib_a-memset.o)
 .ARM.attributes
                0x00000000000003c2       0x1d c:/st/stm32cubeide_1.9.0/stm32cubeide/plugins/com.st.stm32cube.ide.mcu.externaltools.gnu-tools-for-stm32.10.3-2021.10.win32_1.0.0.202111181127/tools/bin/../lib/gcc/arm-none-eabi/10.3.1/thumb/v7-m/nofp\libgcc.a(_arm_addsubdf3.o)
 .ARM.attributes
                0x00000000000003df       0x1d c:/st/stm32cubeide_1.9.0/stm32cubeide/plugins/com.st.stm32cube.ide.mcu.externaltools.gnu-tools-for-stm32.10.3-2021.10.win32_1.0.0.202111181127/tools/bin/../lib/gcc/arm-none-eabi/10.3.1/thumb/v7-m/nofp\libgcc.a(_arm_muldivdf3.o)
 .ARM.attributes
                0x00000000000003fc       0x1d c:/st/stm32cubeide_1.9.0/stm32cubeide/plugins/com.st.stm32cube.ide.mcu.externaltools.gnu-tools-for-stm32.10.3-2021.10.win32_1.0.0.202111181127/tools/bin/../lib/gcc/arm-none-eabi/10.3.1/thumb/v7-m/nofp\libgcc.a(_arm_truncdfsf2.o)
 .ARM.attributes
                0x0000000000000419       0x1d c:/st/stm32cubeide_1.9.0/stm32cubeide/plugins/com.st.stm32cube.ide.mcu.externaltools.gnu-tools-for-stm32.10.3-2021.10.win32_1.0.0.202111181127/tools/bin/../lib/gcc/arm-none-eabi/10.3.1/thumb/v7-m/nofp\libgcc.a(_arm_addsubsf3.o)
 .ARM.attributes
                0x0000000000000436       0x1d c:/st/stm32cubeide_1.9.0/stm32cubeide/plugins/com.st.stm32cube.ide.mcu.externaltools.gnu-tools-for-stm32.10.3-2021.10.win32_1.0.0.202111181127/tools/bin/../lib/gcc/arm-none-eabi/10.3.1/thumb/v7-m/nofp\libgcc.a(_arm_muldivsf3.o)
 .ARM.attributes
                0x0000000000000453       0x1d c:/st/stm32cubeide_1.9.0/stm32cubeide/plugins/com.st.stm32cube.ide.mcu.externaltools.gnu-tools-for-stm32.10.3-2021.10.win32_1.0.0.202111181127/tools/bin/../lib/gcc/arm-none-eabi/10.3.1/thumb/v7-m/nofp\libgcc.a(_arm_fixunssfsi.o)
 .ARM.attributes
                0x0000000000000470       0x1d c:/st/stm32cubeide_1.9.0/stm32cubeide/plugins/com.st.stm32cube.ide.mcu.externaltools.gnu-tools-for-stm32.10.3-2021.10.win32_1.0.0.202111181127/tools/bin/../lib/gcc/arm-none-eabi/10.3.1/thumb/v7-m/nofp\libgcc.a(_aeabi_uldivmod.o)
 .ARM.attributes
                0x000000000000048d       0x2d c:/st/stm32cubeide_1.9.0/stm32cubeide/plugins/com.st.stm32cube.ide.mcu.externaltools.gnu-tools-for-stm32.10.3-2021.10.win32_1.0.0.202111181127/tools/bin/../lib/gcc/arm-none-eabi/10.3.1/thumb/v7-m/nofp\libgcc.a(_udivmoddi4.o)
 .ARM.attributes
                0x00000000000004ba       0x1d c:/st/stm32cubeide_1.9.0/stm32cubeide/plugins/com.st.stm32cube.ide.mcu.externaltools.gnu-tools-for-stm32.10.3-2021.10.win32_1.0.0.202111181127/tools/bin/../lib/gcc/arm-none-eabi/10.3.1/thumb/v7-m/nofp\libgcc.a(_dvmd_tls.o)
 .ARM.attributes
                0x00000000000004d7       0x1d c:/st/stm32cubeide_1.9.0/stm32cubeide/plugins/com.st.stm32cube.ide.mcu.externaltools.gnu-tools-for-stm32.10.3-2021.10.win32_1.0.0.202111181127/tools/bin/../lib/gcc/arm-none-eabi/10.3.1/thumb/v7-m/nofp/crtn.o
OUTPUT(0_GP_KIT.elf elf32-littlearm)
LOAD linker stubs
LOAD c:/st/stm32cubeide_1.9.0/stm32cubeide/plugins/com.st.stm32cube.ide.mcu.externaltools.gnu-tools-for-stm32.10.3-2021.10.win32_1.0.0.202111181127/tools/bin/../lib/gcc/arm-none-eabi/10.3.1/../../../../arm-none-eabi/lib/thumb/v7-m/nofp\libc.a
LOAD c:/st/stm32cubeide_1.9.0/stm32cubeide/plugins/com.st.stm32cube.ide.mcu.externaltools.gnu-tools-for-stm32.10.3-2021.10.win32_1.0.0.202111181127/tools/bin/../lib/gcc/arm-none-eabi/10.3.1/../../../../arm-none-eabi/lib/thumb/v7-m/nofp\libm.a
LOAD c:/st/stm32cubeide_1.9.0/stm32cubeide/plugins/com.st.stm32cube.ide.mcu.externaltools.gnu-tools-for-stm32.10.3-2021.10.win32_1.0.0.202111181127/tools/bin/../lib/gcc/arm-none-eabi/10.3.1/thumb/v7-m/nofp\libgcc.a

.debug_info     0x0000000000000000     0x7207
 .debug_info    0x0000000000000000      0x2e3 ./Src/ADC_program.o
 .debug_info    0x00000000000002e3      0x2c3 ./Src/AFIO_program.o
 .debug_info    0x00000000000005a6      0x4bc ./Src/CARKIT_program.o
 .debug_info    0x0000000000000a62      0x62e ./Src/DMA_program.o
 .debug_info    0x0000000000001090      0x4cc ./Src/EXTI_program.o
 .debug_info    0x000000000000155c      0x673 ./Src/GPIO_program.o
 .debug_info    0x0000000000001bcf      0x8f6 ./Src/GPTIMER_program.o
 .debug_info    0x00000000000024c5      0x51d ./Src/GUI_program.o
 .debug_info    0x00000000000029e2      0x595 ./Src/NVIC_program.o
 .debug_info    0x0000000000002f77      0x76c ./Src/RCC_program.o
 .debug_info    0x00000000000036e3      0x79e ./Src/SPI_program.o
 .debug_info    0x0000000000003e81      0x302 ./Src/STK_program.o
 .debug_info    0x0000000000004183      0xb52 ./Src/TFT_program.o
 .debug_info    0x0000000000004cd5      0x5f9 ./Src/TIMERS_program.o
 .debug_info    0x00000000000052ce      0x9c3 ./Src/USART_program.o
 .debug_info    0x0000000000005c91      0x43e ./Src/V2G_program.o
 .debug_info    0x00000000000060cf     0x1116 ./Src/main.o
 .debug_info    0x00000000000071e5       0x22 ./Startup/startup_stm32f103c8tx.o

.debug_abbrev   0x0000000000000000     0x166a
 .debug_abbrev  0x0000000000000000      0x129 ./Src/ADC_program.o
 .debug_abbrev  0x0000000000000129       0xf6 ./Src/AFIO_program.o
 .debug_abbrev  0x000000000000021f      0x11b ./Src/CARKIT_program.o
 .debug_abbrev  0x000000000000033a      0x14d ./Src/DMA_program.o
 .debug_abbrev  0x0000000000000487      0x126 ./Src/EXTI_program.o
 .debug_abbrev  0x00000000000005ad      0x10b ./Src/GPIO_program.o
 .debug_abbrev  0x00000000000006b8      0x19c ./Src/GPTIMER_program.o
 .debug_abbrev  0x0000000000000854      0x14e ./Src/GUI_program.o
 .debug_abbrev  0x00000000000009a2      0x12a ./Src/NVIC_program.o
 .debug_abbrev  0x0000000000000acc      0x13e ./Src/RCC_program.o
 .debug_abbrev  0x0000000000000c0a      0x15d ./Src/SPI_program.o
 .debug_abbrev  0x0000000000000d67      0x14e ./Src/STK_program.o
 .debug_abbrev  0x0000000000000eb5      0x193 ./Src/TFT_program.o
 .debug_abbrev  0x0000000000001048      0x125 ./Src/TIMERS_program.o
 .debug_abbrev  0x000000000000116d      0x1bd ./Src/USART_program.o
 .debug_abbrev  0x000000000000132a      0x10d ./Src/V2G_program.o
 .debug_abbrev  0x0000000000001437      0x221 ./Src/main.o
 .debug_abbrev  0x0000000000001658       0x12 ./Startup/startup_stm32f103c8tx.o

.debug_aranges  0x0000000000000000      0x6b8
 .debug_aranges
                0x0000000000000000       0x60 ./Src/ADC_program.o
 .debug_aranges
                0x0000000000000060       0x28 ./Src/AFIO_program.o
 .debug_aranges
                0x0000000000000088       0x38 ./Src/CARKIT_program.o
 .debug_aranges
                0x00000000000000c0       0x88 ./Src/DMA_program.o
 .debug_aranges
                0x0000000000000148       0x88 ./Src/EXTI_program.o
 .debug_aranges
                0x00000000000001d0       0x50 ./Src/GPIO_program.o
 .debug_aranges
                0x0000000000000220       0xa8 ./Src/GPTIMER_program.o
 .debug_aranges
                0x00000000000002c8       0x70 ./Src/GUI_program.o
 .debug_aranges
                0x0000000000000338       0x48 ./Src/NVIC_program.o
 .debug_aranges
                0x0000000000000380       0x70 ./Src/RCC_program.o
 .debug_aranges
                0x00000000000003f0       0x60 ./Src/SPI_program.o
 .debug_aranges
                0x0000000000000450       0x58 ./Src/STK_program.o
 .debug_aranges
                0x00000000000004a8       0x68 ./Src/TFT_program.o
 .debug_aranges
                0x0000000000000510       0x38 ./Src/TIMERS_program.o
 .debug_aranges
                0x0000000000000548       0xa0 ./Src/USART_program.o
 .debug_aranges
                0x00000000000005e8       0x50 ./Src/V2G_program.o
 .debug_aranges
                0x0000000000000638       0x58 ./Src/main.o
 .debug_aranges
                0x0000000000000690       0x28 ./Startup/startup_stm32f103c8tx.o

.debug_ranges   0x0000000000000000      0x5b8
 .debug_ranges  0x0000000000000000       0x50 ./Src/ADC_program.o
 .debug_ranges  0x0000000000000050       0x18 ./Src/AFIO_program.o
 .debug_ranges  0x0000000000000068       0x28 ./Src/CARKIT_program.o
 .debug_ranges  0x0000000000000090       0x78 ./Src/DMA_program.o
 .debug_ranges  0x0000000000000108       0x78 ./Src/EXTI_program.o
 .debug_ranges  0x0000000000000180       0x58 ./Src/GPIO_program.o
 .debug_ranges  0x00000000000001d8       0x98 ./Src/GPTIMER_program.o
 .debug_ranges  0x0000000000000270       0x60 ./Src/GUI_program.o
 .debug_ranges  0x00000000000002d0       0x38 ./Src/NVIC_program.o
 .debug_ranges  0x0000000000000308       0x60 ./Src/RCC_program.o
 .debug_ranges  0x0000000000000368       0x50 ./Src/SPI_program.o
 .debug_ranges  0x00000000000003b8       0x48 ./Src/STK_program.o
 .debug_ranges  0x0000000000000400       0x58 ./Src/TFT_program.o
 .debug_ranges  0x0000000000000458       0x28 ./Src/TIMERS_program.o
 .debug_ranges  0x0000000000000480       0x90 ./Src/USART_program.o
 .debug_ranges  0x0000000000000510       0x40 ./Src/V2G_program.o
 .debug_ranges  0x0000000000000550       0x48 ./Src/main.o
 .debug_ranges  0x0000000000000598       0x20 ./Startup/startup_stm32f103c8tx.o

.debug_macro    0x0000000000000000    0x201f7
 .debug_macro   0x0000000000000000       0x90 ./Src/ADC_program.o
 .debug_macro   0x0000000000000090       0x88 ./Src/ADC_program.o
 .debug_macro   0x0000000000000118      0x7fe ./Src/ADC_program.o
 .debug_macro   0x0000000000000916      0x15b ./Src/ADC_program.o
 .debug_macro   0x0000000000000a71       0x9b ./Src/AFIO_program.o
 .debug_macro   0x0000000000000b0c      0x197 ./Src/AFIO_program.o
 .debug_macro   0x0000000000000ca3       0x22 ./Src/AFIO_program.o
 .debug_macro   0x0000000000000cc5       0xc7 ./Src/CARKIT_program.o
 .debug_macro   0x0000000000000d8c       0x58 ./Src/CARKIT_program.o
 .debug_macro   0x0000000000000de4       0x9b ./Src/DMA_program.o
 .debug_macro   0x0000000000000e7f       0x64 ./Src/DMA_program.o
 .debug_macro   0x0000000000000ee3       0x9b ./Src/EXTI_program.o
 .debug_macro   0x0000000000000f7e       0x6a ./Src/EXTI_program.o
 .debug_macro   0x0000000000000fe8       0x91 ./Src/GPIO_program.o
 .debug_macro   0x0000000000001079       0x3a ./Src/GPIO_program.o
 .debug_macro   0x00000000000010b3       0x10 ./Src/GPIO_program.o
 .debug_macro   0x00000000000010c3       0x9a ./Src/GPTIMER_program.o
 .debug_macro   0x000000000000115d       0x10 ./Src/GPTIMER_program.o
 .debug_macro   0x000000000000116d       0x82 ./Src/GPTIMER_program.o
 .debug_macro   0x00000000000011ef       0xa3 ./Src/GUI_program.o
 .debug_macro   0x0000000000001292       0x64 ./Src/GUI_program.o
 .debug_macro   0x00000000000012f6    0x1dc1e ./Src/GUI_program.o
 .debug_macro   0x000000000001ef14       0x28 ./Src/GUI_program.o
 .debug_macro   0x000000000001ef3c       0x58 ./Src/GUI_program.o
 .debug_macro   0x000000000001ef94       0x9b ./Src/NVIC_program.o
 .debug_macro   0x000000000001f02f       0x1c ./Src/NVIC_program.o
 .debug_macro   0x000000000001f04b       0x91 ./Src/RCC_program.o
 .debug_macro   0x000000000001f0dc       0x88 ./Src/RCC_program.o
 .debug_macro   0x000000000001f164       0x10 ./Src/RCC_program.o
 .debug_macro   0x000000000001f174       0x9a ./Src/SPI_program.o
 .debug_macro   0x000000000001f20e       0xe2 ./Src/SPI_program.o
 .debug_macro   0x000000000001f2f0       0x10 ./Src/SPI_program.o
 .debug_macro   0x000000000001f300       0x9b ./Src/STK_program.o
 .debug_macro   0x000000000001f39b       0x4c ./Src/STK_program.o
 .debug_macro   0x000000000001f3e7       0xcc ./Src/TFT_program.o
 .debug_macro   0x000000000001f4b3       0x82 ./Src/TFT_program.o
 .debug_macro   0x000000000001f535       0x28 ./Src/TFT_program.o
 .debug_macro   0x000000000001f55d       0xab ./Src/TIMERS_program.o
 .debug_macro   0x000000000001f608       0x9a ./Src/USART_program.o
 .debug_macro   0x000000000001f6a2      0x124 ./Src/USART_program.o
 .debug_macro   0x000000000001f7c6       0x1c ./Src/USART_program.o
 .debug_macro   0x000000000001f7e2       0xb9 ./Src/V2G_program.o
 .debug_macro   0x000000000001f89b       0x82 ./Src/V2G_program.o
 .debug_macro   0x000000000001f91d      0x37f ./Src/main.o
 .debug_macro   0x000000000001fc9c       0x16 ./Src/main.o
 .debug_macro   0x000000000001fcb2       0x97 ./Src/main.o
 .debug_macro   0x000000000001fd49       0xfd ./Src/main.o
 .debug_macro   0x000000000001fe46       0x10 ./Src/main.o
 .debug_macro   0x000000000001fe56       0x10 ./Src/main.o
 .debug_macro   0x000000000001fe66       0x1c ./Src/main.o
 .debug_macro   0x000000000001fe82       0x52 ./Src/main.o
 .debug_macro   0x000000000001fed4       0x22 ./Src/main.o
 .debug_macro   0x000000000001fef6       0x10 ./Src/main.o
 .debug_macro   0x000000000001ff06       0x52 ./Src/main.o
 .debug_macro   0x000000000001ff58       0xd5 ./Src/main.o
 .debug_macro   0x000000000002002d       0x1c ./Src/main.o
 .debug_macro   0x0000000000020049       0x3d ./Src/main.o
 .debug_macro   0x0000000000020086       0x16 ./Src/main.o
 .debug_macro   0x000000000002009c      0x145 ./Src/main.o
 .debug_macro   0x00000000000201e1       0x16 ./Src/main.o

.debug_line     0x0000000000000000     0x7142
 .debug_line    0x0000000000000000      0x500 ./Src/ADC_program.o
 .debug_line    0x0000000000000500      0x449 ./Src/AFIO_program.o
 .debug_line    0x0000000000000949      0x527 ./Src/CARKIT_program.o
 .debug_line    0x0000000000000e70      0x79c ./Src/DMA_program.o
 .debug_line    0x000000000000160c      0x822 ./Src/EXTI_program.o
 .debug_line    0x0000000000001e2e      0x68f ./Src/GPIO_program.o
 .debug_line    0x00000000000024bd      0x80b ./Src/GPTIMER_program.o
 .debug_line    0x0000000000002cc8      0x622 ./Src/GUI_program.o
 .debug_line    0x00000000000032ea      0x4ef ./Src/NVIC_program.o
 .debug_line    0x00000000000037d9      0x6d8 ./Src/RCC_program.o
 .debug_line    0x0000000000003eb1      0x678 ./Src/SPI_program.o
 .debug_line    0x0000000000004529      0x54a ./Src/STK_program.o
 .debug_line    0x0000000000004a73      0x75c ./Src/TFT_program.o
 .debug_line    0x00000000000051cf      0x4c8 ./Src/TIMERS_program.o
 .debug_line    0x0000000000005697      0x967 ./Src/USART_program.o
 .debug_line    0x0000000000005ffe      0x5b3 ./Src/V2G_program.o
 .debug_line    0x00000000000065b1      0xb0d ./Src/main.o
 .debug_line    0x00000000000070be       0x84 ./Startup/startup_stm32f103c8tx.o

.debug_str      0x0000000000000000    0x1578f
 .debug_str     0x0000000000000000     0x4d1b ./Src/ADC_program.o
                                       0x4ec3 (size before relaxing)
 .debug_str     0x0000000000004d1b      0xbca ./Src/AFIO_program.o
                                       0x4882 (size before relaxing)
 .debug_str     0x00000000000058e5      0x63e ./Src/CARKIT_program.o
                                       0x44df (size before relaxing)
 .debug_str     0x0000000000005f23      0x58d ./Src/DMA_program.o
                                       0x4ba2 (size before relaxing)
 .debug_str     0x00000000000064b0      0x46a ./Src/EXTI_program.o
                                       0x4acf (size before relaxing)
 .debug_str     0x000000000000691a      0x2bb ./Src/GPIO_program.o
                                       0x4a4d (size before relaxing)
 .debug_str     0x0000000000006bd5      0x6f6 ./Src/GPTIMER_program.o
                                       0x4d76 (size before relaxing)
 .debug_str     0x00000000000072cb     0x777f ./Src/GUI_program.o
                                       0xb437 (size before relaxing)
 .debug_str     0x000000000000ea4a      0x4f7 ./Src/NVIC_program.o
                                       0x4ae0 (size before relaxing)
 .debug_str     0x000000000000ef41      0x6d4 ./Src/RCC_program.o
                                       0x4c0d (size before relaxing)
 .debug_str     0x000000000000f615      0x7e9 ./Src/SPI_program.o
                                       0x4dd5 (size before relaxing)
 .debug_str     0x000000000000fdfe      0x266 ./Src/STK_program.o
                                       0x4850 (size before relaxing)
 .debug_str     0x0000000000010064      0x3c5 ./Src/TFT_program.o
                                       0x48d6 (size before relaxing)
 .debug_str     0x0000000000010429       0xd4 ./Src/TIMERS_program.o
                                       0x4462 (size before relaxing)
 .debug_str     0x00000000000104fd      0xa08 ./Src/USART_program.o
                                       0x5051 (size before relaxing)
 .debug_str     0x0000000000010f05      0x3a3 ./Src/V2G_program.o
                                       0x419d (size before relaxing)
 .debug_str     0x00000000000112a8     0x44b6 ./Src/main.o
                                      0x10770 (size before relaxing)
 .debug_str     0x000000000001575e       0x31 ./Startup/startup_stm32f103c8tx.o
                                         0x83 (size before relaxing)

.comment        0x0000000000000000       0x50
 .comment       0x0000000000000000       0x50 ./Src/ADC_program.o
                                         0x51 (size before relaxing)
 .comment       0x0000000000000050       0x51 ./Src/AFIO_program.o
 .comment       0x0000000000000050       0x51 ./Src/CARKIT_program.o
 .comment       0x0000000000000050       0x51 ./Src/DMA_program.o
 .comment       0x0000000000000050       0x51 ./Src/EXTI_program.o
 .comment       0x0000000000000050       0x51 ./Src/GPIO_program.o
 .comment       0x0000000000000050       0x51 ./Src/GPTIMER_program.o
 .comment       0x0000000000000050       0x51 ./Src/GUI_program.o
 .comment       0x0000000000000050       0x51 ./Src/NVIC_program.o
 .comment       0x0000000000000050       0x51 ./Src/RCC_program.o
 .comment       0x0000000000000050       0x51 ./Src/SPI_program.o
 .comment       0x0000000000000050       0x51 ./Src/STK_program.o
 .comment       0x0000000000000050       0x51 ./Src/TFT_program.o
 .comment       0x0000000000000050       0x51 ./Src/TIMERS_program.o
 .comment       0x0000000000000050       0x51 ./Src/USART_program.o
 .comment       0x0000000000000050       0x51 ./Src/V2G_program.o
 .comment       0x0000000000000050       0x51 ./Src/main.o

.debug_frame    0x0000000000000000     0x1a58
 .debug_frame   0x0000000000000000      0x144 ./Src/ADC_program.o
 .debug_frame   0x0000000000000144       0x60 ./Src/AFIO_program.o
 .debug_frame   0x00000000000001a4       0x90 ./Src/CARKIT_program.o
 .debug_frame   0x0000000000000234      0x1e8 ./Src/DMA_program.o
 .debug_frame   0x000000000000041c      0x1ec ./Src/EXTI_program.o
 .debug_frame   0x0000000000000608      0x128 ./Src/GPIO_program.o
 .debug_frame   0x0000000000000730      0x2b4 ./Src/GPTIMER_program.o
 .debug_frame   0x00000000000009e4      0x1d4 ./Src/GUI_program.o
 .debug_frame   0x0000000000000bb8      0x100 ./Src/NVIC_program.o
 .debug_frame   0x0000000000000cb8      0x1c8 ./Src/RCC_program.o
 .debug_frame   0x0000000000000e80      0x14c ./Src/SPI_program.o
 .debug_frame   0x0000000000000fcc      0x130 ./Src/STK_program.o
 .debug_frame   0x00000000000010fc      0x190 ./Src/TFT_program.o
 .debug_frame   0x000000000000128c       0xa8 ./Src/TIMERS_program.o
 .debug_frame   0x0000000000001334      0x284 ./Src/USART_program.o
 .debug_frame   0x00000000000015b8      0x110 ./Src/V2G_program.o
 .debug_frame   0x00000000000016c8      0x11c ./Src/main.o
 .debug_frame   0x00000000000017e4       0x2c c:/st/stm32cubeide_1.9.0/stm32cubeide/plugins/com.st.stm32cube.ide.mcu.externaltools.gnu-tools-for-stm32.10.3-2021.10.win32_1.0.0.202111181127/tools/bin/../lib/gcc/arm-none-eabi/10.3.1/../../../../arm-none-eabi/lib/thumb/v7-m/nofp\libc_nano.a(lib_a-init.o)
 .debug_frame   0x0000000000001810       0x20 c:/st/stm32cubeide_1.9.0/stm32cubeide/plugins/com.st.stm32cube.ide.mcu.externaltools.gnu-tools-for-stm32.10.3-2021.10.win32_1.0.0.202111181127/tools/bin/../lib/gcc/arm-none-eabi/10.3.1/../../../../arm-none-eabi/lib/thumb/v7-m/nofp\libc_nano.a(lib_a-memset.o)
 .debug_frame   0x0000000000001830       0xac c:/st/stm32cubeide_1.9.0/stm32cubeide/plugins/com.st.stm32cube.ide.mcu.externaltools.gnu-tools-for-stm32.10.3-2021.10.win32_1.0.0.202111181127/tools/bin/../lib/gcc/arm-none-eabi/10.3.1/thumb/v7-m/nofp\libgcc.a(_arm_addsubdf3.o)
 .debug_frame   0x00000000000018dc       0x50 c:/st/stm32cubeide_1.9.0/stm32cubeide/plugins/com.st.stm32cube.ide.mcu.externaltools.gnu-tools-for-stm32.10.3-2021.10.win32_1.0.0.202111181127/tools/bin/../lib/gcc/arm-none-eabi/10.3.1/thumb/v7-m/nofp\libgcc.a(_arm_muldivdf3.o)
 .debug_frame   0x000000000000192c       0x24 c:/st/stm32cubeide_1.9.0/stm32cubeide/plugins/com.st.stm32cube.ide.mcu.externaltools.gnu-tools-for-stm32.10.3-2021.10.win32_1.0.0.202111181127/tools/bin/../lib/gcc/arm-none-eabi/10.3.1/thumb/v7-m/nofp\libgcc.a(_arm_truncdfsf2.o)
 .debug_frame   0x0000000000001950       0x4c c:/st/stm32cubeide_1.9.0/stm32cubeide/plugins/com.st.stm32cube.ide.mcu.externaltools.gnu-tools-for-stm32.10.3-2021.10.win32_1.0.0.202111181127/tools/bin/../lib/gcc/arm-none-eabi/10.3.1/thumb/v7-m/nofp\libgcc.a(_arm_addsubsf3.o)
 .debug_frame   0x000000000000199c       0x38 c:/st/stm32cubeide_1.9.0/stm32cubeide/plugins/com.st.stm32cube.ide.mcu.externaltools.gnu-tools-for-stm32.10.3-2021.10.win32_1.0.0.202111181127/tools/bin/../lib/gcc/arm-none-eabi/10.3.1/thumb/v7-m/nofp\libgcc.a(_arm_muldivsf3.o)
 .debug_frame   0x00000000000019d4       0x24 c:/st/stm32cubeide_1.9.0/stm32cubeide/plugins/com.st.stm32cube.ide.mcu.externaltools.gnu-tools-for-stm32.10.3-2021.10.win32_1.0.0.202111181127/tools/bin/../lib/gcc/arm-none-eabi/10.3.1/thumb/v7-m/nofp\libgcc.a(_arm_fixunssfsi.o)
 .debug_frame   0x00000000000019f8       0x2c c:/st/stm32cubeide_1.9.0/stm32cubeide/plugins/com.st.stm32cube.ide.mcu.externaltools.gnu-tools-for-stm32.10.3-2021.10.win32_1.0.0.202111181127/tools/bin/../lib/gcc/arm-none-eabi/10.3.1/thumb/v7-m/nofp\libgcc.a(_aeabi_uldivmod.o)
 .debug_frame   0x0000000000001a24       0x34 c:/st/stm32cubeide_1.9.0/stm32cubeide/plugins/com.st.stm32cube.ide.mcu.externaltools.gnu-tools-for-stm32.10.3-2021.10.win32_1.0.0.202111181127/tools/bin/../lib/gcc/arm-none-eabi/10.3.1/thumb/v7-m/nofp\libgcc.a(_udivmoddi4.o)
